Archive member included to satisfy reference by file (symbol)

/usr/lib/gcc/arm-none-eabi/10.3.0/thumb/v7-m/nofp/libgcc.a(unwind-arm.o)
                              CMakeFiles/stm32.elf.dir/Core/Src/config.cpp.obj (__aeabi_unwind_cpp_pr0)
/usr/lib/gcc/arm-none-eabi/10.3.0/thumb/v7-m/nofp/libgcc.a(libunwind.o)
                              /usr/lib/gcc/arm-none-eabi/10.3.0/thumb/v7-m/nofp/libgcc.a(unwind-arm.o) (restore_core_regs)
/usr/lib/gcc/arm-none-eabi/10.3.0/thumb/v7-m/nofp/libgcc.a(pr-support.o)
                              /usr/lib/gcc/arm-none-eabi/10.3.0/thumb/v7-m/nofp/libgcc.a(unwind-arm.o) (__gnu_unwind_execute)
/usr/lib/gcc/arm-none-eabi/10.3.0/../../../../arm-none-eabi/lib/thumb/v7-m/nofp/libg.a(lib_a-abort.o)
                              /usr/lib/gcc/arm-none-eabi/10.3.0/thumb/v7-m/nofp/libgcc.a(unwind-arm.o) (abort)
/usr/lib/gcc/arm-none-eabi/10.3.0/../../../../arm-none-eabi/lib/thumb/v7-m/nofp/libg.a(lib_a-atexit.o)
                              /usr/lib/gcc/arm-none-eabi/10.3.0/../../../../arm-none-eabi/lib/thumb/v7-m/nofp/crt0.o (atexit)
/usr/lib/gcc/arm-none-eabi/10.3.0/../../../../arm-none-eabi/lib/thumb/v7-m/nofp/libg.a(lib_a-errno.o)
                              CMakeFiles/stm32.elf.dir/Core/Src/syscalls.c.obj (__errno)
/usr/lib/gcc/arm-none-eabi/10.3.0/../../../../arm-none-eabi/lib/thumb/v7-m/nofp/libg.a(lib_a-exit.o)
                              /usr/lib/gcc/arm-none-eabi/10.3.0/../../../../arm-none-eabi/lib/thumb/v7-m/nofp/crt0.o (exit)
/usr/lib/gcc/arm-none-eabi/10.3.0/../../../../arm-none-eabi/lib/thumb/v7-m/nofp/libg.a(lib_a-fini.o)
                              /usr/lib/gcc/arm-none-eabi/10.3.0/../../../../arm-none-eabi/lib/thumb/v7-m/nofp/crt0.o (__libc_fini_array)
/usr/lib/gcc/arm-none-eabi/10.3.0/../../../../arm-none-eabi/lib/thumb/v7-m/nofp/libg.a(lib_a-impure.o)
                              /usr/lib/gcc/arm-none-eabi/10.3.0/../../../../arm-none-eabi/lib/thumb/v7-m/nofp/libg.a(lib_a-exit.o) (_global_impure_ptr)
/usr/lib/gcc/arm-none-eabi/10.3.0/../../../../arm-none-eabi/lib/thumb/v7-m/nofp/libg.a(lib_a-init.o)
                              /usr/lib/gcc/arm-none-eabi/10.3.0/../../../../arm-none-eabi/lib/thumb/v7-m/nofp/crt0.o (__libc_init_array)
/usr/lib/gcc/arm-none-eabi/10.3.0/../../../../arm-none-eabi/lib/thumb/v7-m/nofp/libg.a(lib_a-memcpy.o)
                              /usr/lib/gcc/arm-none-eabi/10.3.0/thumb/v7-m/nofp/libgcc.a(unwind-arm.o) (memcpy)
/usr/lib/gcc/arm-none-eabi/10.3.0/../../../../arm-none-eabi/lib/thumb/v7-m/nofp/libg.a(lib_a-memset.o)
                              /usr/lib/gcc/arm-none-eabi/10.3.0/../../../../arm-none-eabi/lib/thumb/v7-m/nofp/crt0.o (memset)
/usr/lib/gcc/arm-none-eabi/10.3.0/../../../../arm-none-eabi/lib/thumb/v7-m/nofp/libg.a(lib_a-signal.o)
                              /usr/lib/gcc/arm-none-eabi/10.3.0/../../../../arm-none-eabi/lib/thumb/v7-m/nofp/libg.a(lib_a-abort.o) (raise)
/usr/lib/gcc/arm-none-eabi/10.3.0/../../../../arm-none-eabi/lib/thumb/v7-m/nofp/libg.a(lib_a-signalr.o)
                              /usr/lib/gcc/arm-none-eabi/10.3.0/../../../../arm-none-eabi/lib/thumb/v7-m/nofp/libg.a(lib_a-signal.o) (_kill_r)
/usr/lib/gcc/arm-none-eabi/10.3.0/../../../../arm-none-eabi/lib/thumb/v7-m/nofp/libg.a(lib_a-__atexit.o)
                              /usr/lib/gcc/arm-none-eabi/10.3.0/../../../../arm-none-eabi/lib/thumb/v7-m/nofp/libg.a(lib_a-atexit.o) (__register_exitproc)
/usr/lib/gcc/arm-none-eabi/10.3.0/../../../../arm-none-eabi/lib/thumb/v7-m/nofp/libg.a(lib_a-__call_atexit.o)
                              /usr/lib/gcc/arm-none-eabi/10.3.0/../../../../arm-none-eabi/lib/thumb/v7-m/nofp/libg.a(lib_a-exit.o) (__call_exitprocs)
/usr/lib/gcc/arm-none-eabi/10.3.0/../../../../arm-none-eabi/lib/thumb/v7-m/nofp/libg.a(lib_a-lock.o)
                              /usr/lib/gcc/arm-none-eabi/10.3.0/../../../../arm-none-eabi/lib/thumb/v7-m/nofp/libg.a(lib_a-__atexit.o) (__retarget_lock_acquire_recursive)
/usr/lib/gcc/arm-none-eabi/10.3.0/../../../../arm-none-eabi/lib/thumb/v7-m/nofp/libg.a(lib_a-mallocr.o)
                              /usr/lib/gcc/arm-none-eabi/10.3.0/../../../../arm-none-eabi/lib/thumb/v7-m/nofp/libg.a(lib_a-signal.o) (_malloc_r)
/usr/lib/gcc/arm-none-eabi/10.3.0/../../../../arm-none-eabi/lib/thumb/v7-m/nofp/libg.a(lib_a-mlock.o)
                              /usr/lib/gcc/arm-none-eabi/10.3.0/../../../../arm-none-eabi/lib/thumb/v7-m/nofp/libg.a(lib_a-mallocr.o) (__malloc_lock)
/usr/lib/gcc/arm-none-eabi/10.3.0/../../../../arm-none-eabi/lib/thumb/v7-m/nofp/libg.a(lib_a-reent.o)
                              /usr/lib/gcc/arm-none-eabi/10.3.0/../../../../arm-none-eabi/lib/thumb/v7-m/nofp/libg.a(lib_a-signalr.o) (errno)
/usr/lib/gcc/arm-none-eabi/10.3.0/../../../../arm-none-eabi/lib/thumb/v7-m/nofp/libg.a(lib_a-sbrkr.o)
                              /usr/lib/gcc/arm-none-eabi/10.3.0/../../../../arm-none-eabi/lib/thumb/v7-m/nofp/libg.a(lib_a-mallocr.o) (_sbrk_r)
[...]
Memory Configuration

Name             Origin             Length             Attributes
RAM              0x0000000020000000 0x0000000000005000 xrw
FLASH            0x0000000008000000 0x0000000000010000 xr
*default*        0x0000000000000000 0xffffffffffffffff

Linker script and memory map

LOAD /usr/lib/gcc/arm-none-eabi/10.3.0/thumb/v7-m/nofp/crti.o
LOAD /usr/lib/gcc/arm-none-eabi/10.3.0/thumb/v7-m/nofp/crtbegin.o
LOAD /usr/lib/gcc/arm-none-eabi/10.3.0/../../../../arm-none-eabi/lib/thumb/v7-m/nofp/crt0.o
LOAD CMakeFiles/stm32.elf.dir/Core/Src/config.cpp.obj
LOAD CMakeFiles/stm32.elf.dir/Core/Src/main.c.obj
LOAD CMakeFiles/stm32.elf.dir/Core/Src/stm32f1xx_hal_msp.c.obj
LOAD CMakeFiles/stm32.elf.dir/Core/Src/stm32f1xx_it.c.obj
LOAD CMakeFiles/stm32.elf.dir/Core/Src/syscalls.c.obj
LOAD CMakeFiles/stm32.elf.dir/Core/Src/sysmem.c.obj
LOAD CMakeFiles/stm32.elf.dir/Core/Src/system_stm32f1xx.c.obj
LOAD CMakeFiles/stm32.elf.dir/Core/Startup/startup_stm32f103c8tx.s.obj
LOAD CMakeFiles/stm32.elf.dir/Drivers/STM32F1xx_HAL_Driver/Src/stm32f1xx_hal.c.obj
LOAD CMakeFiles/stm32.elf.dir/Drivers/STM32F1xx_HAL_Driver/Src/stm32f1xx_hal_cortex.c.obj
LOAD CMakeFiles/stm32.elf.dir/Drivers/STM32F1xx_HAL_Driver/Src/stm32f1xx_hal_dma.c.obj
LOAD CMakeFiles/stm32.elf.dir/Drivers/STM32F1xx_HAL_Driver/Src/stm32f1xx_hal_exti.c.obj
LOAD CMakeFiles/stm32.elf.dir/Drivers/STM32F1xx_HAL_Driver/Src/stm32f1xx_hal_flash.c.obj
LOAD CMakeFiles/stm32.elf.dir/Drivers/STM32F1xx_HAL_Driver/Src/stm32f1xx_hal_flash_ex.c.obj
LOAD CMakeFiles/stm32.elf.dir/Drivers/STM32F1xx_HAL_Driver/Src/stm32f1xx_hal_gpio.c.obj
LOAD CMakeFiles/stm32.elf.dir/Drivers/STM32F1xx_HAL_Driver/Src/stm32f1xx_hal_gpio_ex.c.obj
LOAD CMakeFiles/stm32.elf.dir/Drivers/STM32F1xx_HAL_Driver/Src/stm32f1xx_hal_i2c.c.obj
LOAD CMakeFiles/stm32.elf.dir/Drivers/STM32F1xx_HAL_Driver/Src/stm32f1xx_hal_pwr.c.obj
LOAD CMakeFiles/stm32.elf.dir/Drivers/STM32F1xx_HAL_Driver/Src/stm32f1xx_hal_rcc.c.obj
LOAD CMakeFiles/stm32.elf.dir/Drivers/STM32F1xx_HAL_Driver/Src/stm32f1xx_hal_rcc_ex.c.obj
LOAD CMakeFiles/stm32.elf.dir/Drivers/STM32F1xx_HAL_Driver/Src/stm32f1xx_hal_tim.c.obj
LOAD CMakeFiles/stm32.elf.dir/Drivers/STM32F1xx_HAL_Driver/Src/stm32f1xx_hal_tim_ex.c.obj
LOAD /usr/lib/gcc/arm-none-eabi/10.3.0/../../../../arm-none-eabi/lib/thumb/v7-m/nofp/libstdc++.a
LOAD /usr/lib/gcc/arm-none-eabi/10.3.0/../../../../arm-none-eabi/lib/thumb/v7-m/nofp/libm.a
START GROUP
LOAD /usr/lib/gcc/arm-none-eabi/10.3.0/thumb/v7-m/nofp/libgcc.a
LOAD /usr/lib/gcc/arm-none-eabi/10.3.0/../../../../arm-none-eabi/lib/thumb/v7-m/nofp/libg.a
LOAD /usr/lib/gcc/arm-none-eabi/10.3.0/../../../../arm-none-eabi/lib/thumb/v7-m/nofp/libc.a
END GROUP
LOAD /usr/lib/gcc/arm-none-eabi/10.3.0/thumb/v7-m/nofp/crtend.o
LOAD /usr/lib/gcc/arm-none-eabi/10.3.0/thumb/v7-m/nofp/crtn.o
                0x0000000020005000                _estack = (ORIGIN (RAM) + LENGTH (RAM))
                0x0000000000000200                _Min_Heap_Size = 0x200
                0x0000000000000400                _Min_Stack_Size = 0x400

.isr_vector     0x0000000008000000      0x10c
                0x0000000008000000                . = ALIGN (0x4)
 *(.isr_vector)
 .isr_vector    0x0000000008000000      0x10c CMakeFiles/stm32.elf.dir/Core/Startup/startup_stm32f103c8tx.s.obj
                0x0000000008000000                g_pfnVectors
                0x000000000800010c                . = ALIGN (0x4)

.text           0x000000000800010c      0x414
                0x000000000800010c                . = ALIGN (0x4)
 *(.text)
 *(.text*)
 .text.__do_global_dtors_aux
                0x000000000800010c       0x24 /usr/lib/gcc/arm-none-eabi/10.3.0/thumb/v7-m/nofp/crtbegin.o
 .text.frame_dummy
                0x0000000008000130       0x1c /usr/lib/gcc/arm-none-eabi/10.3.0/thumb/v7-m/nofp/crtbegin.o
 .text.main     0x000000000800014c       0x44 CMakeFiles/stm32.elf.dir/Core/Src/main.c.obj
                0x000000000800014c                main
 .text.HAL_MspInit
                0x0000000008000190       0x44 CMakeFiles/stm32.elf.dir/Core/Src/stm32f1xx_hal_msp.c.obj
                0x0000000008000190                HAL_MspInit
 .text.NMI_Handler
                0x00000000080001d4        0x8 CMakeFiles/stm32.elf.dir/Core/Src/stm32f1xx_it.c.obj
                0x00000000080001d4                NMI_Handler
 .text.HardFault_Handler
                0x00000000080001dc        0x2 CMakeFiles/stm32.elf.dir/Core/Src/stm32f1xx_it.c.obj
                0x00000000080001dc                HardFault_Handler
 .text.MemManage_Handler
                0x00000000080001de        0x2 CMakeFiles/stm32.elf.dir/Core/Src/stm32f1xx_it.c.obj
                0x00000000080001de                MemManage_Handler
 .text.BusFault_Handler
                0x00000000080001e0        0x2 CMakeFiles/stm32.elf.dir/Core/Src/stm32f1xx_it.c.obj
                0x00000000080001e0                BusFault_Handler
 .text.UsageFault_Handler
                0x00000000080001e2        0x2 CMakeFiles/stm32.elf.dir/Core/Src/stm32f1xx_it.c.obj
                0x00000000080001e2                UsageFault_Handler
 .text.SVC_Handler
                0x00000000080001e4        0x2 CMakeFiles/stm32.elf.dir/Core/Src/stm32f1xx_it.c.obj
                0x00000000080001e4                SVC_Handler
 .text.DebugMon_Handler
                0x00000000080001e6        0x2 CMakeFiles/stm32.elf.dir/Core/Src/stm32f1xx_it.c.obj
                0x00000000080001e6                DebugMon_Handler
 .text.PendSV_Handler
                0x00000000080001e8        0x2 CMakeFiles/stm32.elf.dir/Core/Src/stm32f1xx_it.c.obj
                0x00000000080001e8                PendSV_Handler
 .text.SysTick_Handler
                0x00000000080001ea        0x8 CMakeFiles/stm32.elf.dir/Core/Src/stm32f1xx_it.c.obj
                0x00000000080001ea                SysTick_Handler
 .text.SystemInit
                0x00000000080001f2        0x2 CMakeFiles/stm32.elf.dir/Core/Src/system_stm32f1xx.c.obj
                0x00000000080001f2                SystemInit
 .text.Reset_Handler
                0x00000000080001f4       0x48 CMakeFiles/stm32.elf.dir/Core/Startup/startup_stm32f103c8tx.s.obj
                0x00000000080001f4                Reset_Handler
 .text.Default_Handler
                0x000000000800023c        0x2 CMakeFiles/stm32.elf.dir/Core/Startup/startup_stm32f103c8tx.s.obj
                0x000000000800023c                RTC_Alarm_IRQHandler
                0x000000000800023c                EXTI2_IRQHandler
                0x000000000800023c                TIM1_CC_IRQHandler
                0x000000000800023c                PVD_IRQHandler
                0x000000000800023c                EXTI3_IRQHandler
                0x000000000800023c                EXTI0_IRQHandler
                0x000000000800023c                I2C2_EV_IRQHandler
                0x000000000800023c                ADC1_2_IRQHandler
                0x000000000800023c                SPI1_IRQHandler
                0x000000000800023c                TAMPER_IRQHandler
                0x000000000800023c                DMA1_Channel4_IRQHandler
                0x000000000800023c                USART3_IRQHandler
                0x000000000800023c                RTC_IRQHandler
                0x000000000800023c                DMA1_Channel7_IRQHandler
                0x000000000800023c                CAN1_RX1_IRQHandler
                0x000000000800023c                TIM4_IRQHandler
                0x000000000800023c                I2C1_EV_IRQHandler
                0x000000000800023c                DMA1_Channel6_IRQHandler
                0x000000000800023c                TIM3_IRQHandler
                0x000000000800023c                RCC_IRQHandler
                0x000000000800023c                TIM1_TRG_COM_IRQHandler
                0x000000000800023c                DMA1_Channel1_IRQHandler
                0x000000000800023c                Default_Handler
                0x000000000800023c                EXTI15_10_IRQHandler
                0x000000000800023c                EXTI9_5_IRQHandler
                0x000000000800023c                SPI2_IRQHandler
                0x000000000800023c                DMA1_Channel5_IRQHandler
                0x000000000800023c                EXTI4_IRQHandler
                0x000000000800023c                USB_LP_CAN1_RX0_IRQHandler
                0x000000000800023c                USB_HP_CAN1_TX_IRQHandler
                0x000000000800023c                DMA1_Channel3_IRQHandler
                0x000000000800023c                TIM1_UP_IRQHandler
                0x000000000800023c                WWDG_IRQHandler
                0x000000000800023c                TIM2_IRQHandler
                0x000000000800023c                TIM1_BRK_IRQHandler
                0x000000000800023c                EXTI1_IRQHandler
                0x000000000800023c                USART2_IRQHandler
                0x000000000800023c                I2C2_ER_IRQHandler
                0x000000000800023c                DMA1_Channel2_IRQHandler
                0x000000000800023c                CAN1_SCE_IRQHandler
                0x000000000800023c                FLASH_IRQHandler
                0x000000000800023c                USART1_IRQHandler
                0x000000000800023c                I2C1_ER_IRQHandler
                0x000000000800023c                USBWakeUp_IRQHandler
 *fill*         0x000000000800023e        0x2 
 .text.HAL_InitTick
                0x0000000008000240       0x4c CMakeFiles/stm32.elf.dir/Drivers/STM32F1xx_HAL_Driver/Src/stm32f1xx_hal.c.obj
                0x0000000008000240                HAL_InitTick
 .text.HAL_Init
                0x000000000800028c       0x24 CMakeFiles/stm32.elf.dir/Drivers/STM32F1xx_HAL_Driver/Src/stm32f1xx_hal.c.obj
                0x000000000800028c                HAL_Init
 .text.HAL_IncTick
                0x00000000080002b0       0x18 CMakeFiles/stm32.elf.dir/Drivers/STM32F1xx_HAL_Driver/Src/stm32f1xx_hal.c.obj
                0x00000000080002b0                HAL_IncTick
 .text.HAL_GetTick
                0x00000000080002c8        0xc CMakeFiles/stm32.elf.dir/Drivers/STM32F1xx_HAL_Driver/Src/stm32f1xx_hal.c.obj
                0x00000000080002c8                HAL_GetTick
 .text.HAL_Delay
                0x00000000080002d4       0x28 CMakeFiles/stm32.elf.dir/Drivers/STM32F1xx_HAL_Driver/Src/stm32f1xx_hal.c.obj
                0x00000000080002d4                HAL_Delay
 .text.HAL_NVIC_SetPriorityGrouping
                0x00000000080002fc       0x24 CMakeFiles/stm32.elf.dir/Drivers/STM32F1xx_HAL_Driver/Src/stm32f1xx_hal_cortex.c.obj
                0x00000000080002fc                HAL_NVIC_SetPriorityGrouping
 .text.HAL_NVIC_SetPriority
                0x0000000008000320       0x70 CMakeFiles/stm32.elf.dir/Drivers/STM32F1xx_HAL_Driver/Src/stm32f1xx_hal_cortex.c.obj
                0x0000000008000320                HAL_NVIC_SetPriority
 .text.HAL_SYSTICK_Config
                0x0000000008000390       0x28 CMakeFiles/stm32.elf.dir/Drivers/STM32F1xx_HAL_Driver/Src/stm32f1xx_hal_cortex.c.obj
                0x0000000008000390                HAL_SYSTICK_Config
 .text.HAL_GPIO_WritePin
                0x00000000080003b8        0xc CMakeFiles/stm32.elf.dir/Drivers/STM32F1xx_HAL_Driver/Src/stm32f1xx_hal_gpio.c.obj
                0x00000000080003b8                HAL_GPIO_WritePin
 .text.HAL_RCC_CSSCallback
                0x00000000080003c4        0x2 CMakeFiles/stm32.elf.dir/Drivers/STM32F1xx_HAL_Driver/Src/stm32f1xx_hal_rcc.c.obj
                0x00000000080003c4                HAL_RCC_CSSCallback
 *fill*         0x00000000080003c6        0x2 
 .text.HAL_RCC_NMI_IRQHandler
                0x00000000080003c8       0x20 CMakeFiles/stm32.elf.dir/Drivers/STM32F1xx_HAL_Driver/Src/stm32f1xx_hal_rcc.c.obj
                0x00000000080003c8                HAL_RCC_NMI_IRQHandler
 .text.atexit   0x00000000080003e8        0xc /usr/lib/gcc/arm-none-eabi/10.3.0/../../../../arm-none-eabi/lib/thumb/v7-m/nofp/libg.a(lib_a-atexit.o)
                0x00000000080003e8                atexit
 .text.__libc_fini_array
                0x00000000080003f4       0x2c /usr/lib/gcc/arm-none-eabi/10.3.0/../../../../arm-none-eabi/lib/thumb/v7-m/nofp/libg.a(lib_a-fini.o)
                0x00000000080003f4                __libc_fini_array
 .text.__libc_init_array
                0x0000000008000420       0x48 /usr/lib/gcc/arm-none-eabi/10.3.0/../../../../arm-none-eabi/lib/thumb/v7-m/nofp/libg.a(lib_a-init.o)
                0x0000000008000420                __libc_init_array
 .text.__register_exitproc
                0x0000000008000468       0x84 /usr/lib/gcc/arm-none-eabi/10.3.0/../../../../arm-none-eabi/lib/thumb/v7-m/nofp/libg.a(lib_a-__atexit.o)
                0x0000000008000468                __register_exitproc
 .text.startup.register_fini
                0x00000000080004ec       0x14 /usr/lib/gcc/arm-none-eabi/10.3.0/../../../../arm-none-eabi/lib/thumb/v7-m/nofp/libg.a(lib_a-__call_atexit.o)
 .text.__retarget_lock_acquire_recursive
                0x0000000008000500        0x4 /usr/lib/gcc/arm-none-eabi/10.3.0/../../../../arm-none-eabi/lib/thumb/v7-m/nofp/libg.a(lib_a-lock.o)
                0x0000000008000500                __retarget_lock_acquire_recursive
 .text.__retarget_lock_release_recursive
                0x0000000008000504        0x4 /usr/lib/gcc/arm-none-eabi/10.3.0/../../../../arm-none-eabi/lib/thumb/v7-m/nofp/libg.a(lib_a-lock.o)
                0x0000000008000504                __retarget_lock_release_recursive
 *(.glue_7)
 .glue_7        0x0000000008000508        0x0 linker stubs
 *(.glue_7t)
 .glue_7t       0x0000000008000508        0x0 linker stubs
 *(.eh_frame)
 .eh_frame      0x0000000008000508        0x0 /usr/lib/gcc/arm-none-eabi/10.3.0/thumb/v7-m/nofp/crtbegin.o
 *(.init)
 .init          0x0000000008000508        0x4 /usr/lib/gcc/arm-none-eabi/10.3.0/thumb/v7-m/nofp/crti.o
                0x0000000008000508                _init
 .init          0x000000000800050c        0x8 /usr/lib/gcc/arm-none-eabi/10.3.0/thumb/v7-m/nofp/crtn.o
 *(.fini)
 .fini          0x0000000008000514        0x4 /usr/lib/gcc/arm-none-eabi/10.3.0/thumb/v7-m/nofp/crti.o
                0x0000000008000514                _fini
 .fini          0x0000000008000518        0x8 /usr/lib/gcc/arm-none-eabi/10.3.0/thumb/v7-m/nofp/crtn.o
                0x0000000008000520                . = ALIGN (0x4)
                0x0000000008000520                _etext = .

.vfp11_veneer   0x0000000008000520        0x0
 .vfp11_veneer  0x0000000008000520        0x0 linker stubs

.v4_bx          0x0000000008000520        0x0
 .v4_bx         0x0000000008000520        0x0 linker stubs

.iplt           0x0000000008000520        0x0
 .iplt          0x0000000008000520        0x0 /usr/lib/gcc/arm-none-eabi/10.3.0/thumb/v7-m/nofp/crtbegin.o

.rodata         0x0000000008000520        0x4
                0x0000000008000520                . = ALIGN (0x4)
 *(.rodata)
 *(.rodata*)
 .rodata._global_impure_ptr
                0x0000000008000520        0x4 /usr/lib/gcc/arm-none-eabi/10.3.0/../../../../arm-none-eabi/lib/thumb/v7-m/nofp/libg.a(lib_a-impure.o)
                0x0000000008000520                _global_impure_ptr
                0x0000000008000524                . = ALIGN (0x4)

.rel.dyn        0x0000000008000524        0x0
 .rel.iplt      0x0000000008000524        0x0 /usr/lib/gcc/arm-none-eabi/10.3.0/thumb/v7-m/nofp/crtbegin.o

.ARM.extab      0x0000000008000524        0x0
                0x0000000008000524                . = ALIGN (0x4)
 *(.ARM.extab* .gnu.linkonce.armextab.*)
                0x0000000008000524                . = ALIGN (0x4)

.ARM            0x0000000008000524        0x0
                0x0000000008000524                . = ALIGN (0x4)
                0x0000000008000524                __exidx_start = .
 *(.ARM.exidx*)
                0x0000000008000524                __exidx_end = .
                0x0000000008000524                . = ALIGN (0x4)

.preinit_array  0x0000000008000524        0x0
                0x0000000008000524                . = ALIGN (0x4)
                0x0000000008000524                PROVIDE (__preinit_array_start = .)
 *(.preinit_array*)
                0x0000000008000524                PROVIDE (__preinit_array_end = .)
                0x0000000008000524                . = ALIGN (0x4)

.init_array     0x0000000008000524        0x8
                0x0000000008000524                . = ALIGN (0x4)
                0x0000000008000524                PROVIDE (__init_array_start = .)
 *(SORT_BY_NAME(.init_array.*))
 .init_array.00000
                0x0000000008000524        0x4 /usr/lib/gcc/arm-none-eabi/10.3.0/../../../../arm-none-eabi/lib/thumb/v7-m/nofp/libg.a(lib_a-__call_atexit.o)
 *(.init_array*)
 .init_array    0x0000000008000528        0x4 /usr/lib/gcc/arm-none-eabi/10.3.0/thumb/v7-m/nofp/crtbegin.o
                0x000000000800052c                PROVIDE (__init_array_end = .)
                0x000000000800052c                . = ALIGN (0x4)

.fini_array     0x000000000800052c        0x4
                0x000000000800052c                . = ALIGN (0x4)
                0x000000000800052c                PROVIDE (__fini_array_start = .)
 *(SORT_BY_NAME(.fini_array.*))
 *(.fini_array*)
 .fini_array    0x000000000800052c        0x4 /usr/lib/gcc/arm-none-eabi/10.3.0/thumb/v7-m/nofp/crtbegin.o
                0x0000000008000530                PROVIDE (__fini_array_end = .)
                0x0000000008000530                . = ALIGN (0x4)
                0x0000000008000530                _sidata = LOADADDR (.data)

.data           0x0000000020000000      0x43c load address 0x0000000008000530
                0x0000000020000000                . = ALIGN (0x4)
                0x0000000020000000                _sdata = .
 *(.data)
 *(.data*)
 .data.SystemCoreClock
                0x0000000020000000        0x4 CMakeFiles/stm32.elf.dir/Core/Src/system_stm32f1xx.c.obj
                0x0000000020000000                SystemCoreClock
 .data.uwTickFreq
                0x0000000020000004        0x1 CMakeFiles/stm32.elf.dir/Drivers/STM32F1xx_HAL_Driver/Src/stm32f1xx_hal.c.obj
                0x0000000020000004                uwTickFreq
 *fill*         0x0000000020000005        0x3 
 .data.uwTickPrio
                0x0000000020000008        0x4 CMakeFiles/stm32.elf.dir/Drivers/STM32F1xx_HAL_Driver/Src/stm32f1xx_hal.c.obj
                0x0000000020000008                uwTickPrio
 *fill*         0x000000002000000c        0x4 
 .data.impure_data
                0x0000000020000010      0x428 /usr/lib/gcc/arm-none-eabi/10.3.0/../../../../arm-none-eabi/lib/thumb/v7-m/nofp/libg.a(lib_a-impure.o)
 .data.__atexit_recursive_mutex
                0x0000000020000438        0x4 /usr/lib/gcc/arm-none-eabi/10.3.0/../../../../arm-none-eabi/lib/thumb/v7-m/nofp/libg.a(lib_a-__call_atexit.o)
                0x0000000020000438                __atexit_recursive_mutex
 *(.RamFunc)
 *(.RamFunc*)
                0x000000002000043c                . = ALIGN (0x4)
                0x000000002000043c                _edata = .

.igot.plt       0x000000002000043c        0x0 load address 0x000000000800096c
 .igot.plt      0x000000002000043c        0x0 /usr/lib/gcc/arm-none-eabi/10.3.0/thumb/v7-m/nofp/crtbegin.o
                0x000000002000043c                . = ALIGN (0x4)

.bss            0x000000002000043c       0x24 load address 0x000000000800096c
                0x000000002000043c                _sbss = .
                0x000000002000043c                __bss_start__ = _sbss
 *(.bss)
 *(.bss*)
 .bss.completed.1
                0x000000002000043c        0x1 /usr/lib/gcc/arm-none-eabi/10.3.0/thumb/v7-m/nofp/crtbegin.o
 *fill*         0x000000002000043d        0x3 
 .bss.object.0  0x0000000020000440       0x18 /usr/lib/gcc/arm-none-eabi/10.3.0/thumb/v7-m/nofp/crtbegin.o
 .bss.uwTick    0x0000000020000458        0x4 CMakeFiles/stm32.elf.dir/Drivers/STM32F1xx_HAL_Driver/Src/stm32f1xx_hal.c.obj
                0x0000000020000458                uwTick
 .bss.__lock___atexit_recursive_mutex
                0x000000002000045c        0x1 /usr/lib/gcc/arm-none-eabi/10.3.0/../../../../arm-none-eabi/lib/thumb/v7-m/nofp/libg.a(lib_a-lock.o)
                0x000000002000045c                __lock___atexit_recursive_mutex
 *(COMMON)
                0x0000000020000460                . = ALIGN (0x4)
 *fill*         0x000000002000045d        0x3 
                0x0000000020000460                _ebss = .
                0x0000000020000460                __bss_end__ = _ebss

._user_heap_stack
                0x0000000020000460      0x600 load address 0x000000000800096c
                0x0000000020000460                . = ALIGN (0x8)
                [!provide]                        PROVIDE (end = .)
                0x0000000020000460                PROVIDE (_end = .)
                0x0000000020000660                . = (. + _Min_Heap_Size)
 *fill*         0x0000000020000460      0x200 
                0x0000000020000a60                . = (. + _Min_Stack_Size)
 *fill*         0x0000000020000660      0x400 
                0x0000000020000a60                . = ALIGN (0x8)

/DISCARD/
 libc.a(*)
 libm.a(*)
 libgcc.a(*)

.ARM.attributes
                0x0000000000000000       0x29
 *(.ARM.attributes)
 .ARM.attributes
                0x0000000000000000       0x1d /usr/lib/gcc/arm-none-eabi/10.3.0/thumb/v7-m/nofp/crti.o
 .ARM.attributes
                0x000000000000001d       0x2d /usr/lib/gcc/arm-none-eabi/10.3.0/thumb/v7-m/nofp/crtbegin.o
 .ARM.attributes
                0x000000000000004a       0x2d CMakeFiles/stm32.elf.dir/Core/Src/main.c.obj
 .ARM.attributes
                0x0000000000000077       0x2d CMakeFiles/stm32.elf.dir/Core/Src/stm32f1xx_hal_msp.c.obj
 .ARM.attributes
                0x00000000000000a4       0x2d CMakeFiles/stm32.elf.dir/Core/Src/stm32f1xx_it.c.obj
 .ARM.attributes
                0x00000000000000d1       0x2d CMakeFiles/stm32.elf.dir/Core/Src/system_stm32f1xx.c.obj
 .ARM.attributes
                0x00000000000000fe       0x21 CMakeFiles/stm32.elf.dir/Core/Startup/startup_stm32f103c8tx.s.obj
 .ARM.attributes
                0x000000000000011f       0x2d CMakeFiles/stm32.elf.dir/Drivers/STM32F1xx_HAL_Driver/Src/stm32f1xx_hal.c.obj
 .ARM.attributes
                0x000000000000014c       0x2d CMakeFiles/stm32.elf.dir/Drivers/STM32F1xx_HAL_Driver/Src/stm32f1xx_hal_cortex.c.obj
 .ARM.attributes
                0x0000000000000179       0x2d CMakeFiles/stm32.elf.dir/Drivers/STM32F1xx_HAL_Driver/Src/stm32f1xx_hal_gpio.c.obj
 .ARM.attributes
                0x00000000000001a6       0x2d CMakeFiles/stm32.elf.dir/Drivers/STM32F1xx_HAL_Driver/Src/stm32f1xx_hal_rcc.c.obj
 .ARM.attributes
                0x00000000000001d3       0x2d /usr/lib/gcc/arm-none-eabi/10.3.0/../../../../arm-none-eabi/lib/thumb/v7-m/nofp/libg.a(lib_a-atexit.o)
 .ARM.attributes
                0x0000000000000200       0x2d /usr/lib/gcc/arm-none-eabi/10.3.0/../../../../arm-none-eabi/lib/thumb/v7-m/nofp/libg.a(lib_a-fini.o)
 .ARM.attributes
                0x000000000000022d       0x2d /usr/lib/gcc/arm-none-eabi/10.3.0/../../../../arm-none-eabi/lib/thumb/v7-m/nofp/libg.a(lib_a-impure.o)
 .ARM.attributes
                0x000000000000025a       0x2d /usr/lib/gcc/arm-none-eabi/10.3.0/../../../../arm-none-eabi/lib/thumb/v7-m/nofp/libg.a(lib_a-init.o)
 .ARM.attributes
                0x0000000000000287       0x2d /usr/lib/gcc/arm-none-eabi/10.3.0/../../../../arm-none-eabi/lib/thumb/v7-m/nofp/libg.a(lib_a-__atexit.o)
 .ARM.attributes
                0x00000000000002b4       0x2d /usr/lib/gcc/arm-none-eabi/10.3.0/../../../../arm-none-eabi/lib/thumb/v7-m/nofp/libg.a(lib_a-__call_atexit.o)
 .ARM.attributes
                0x00000000000002e1       0x2d /usr/lib/gcc/arm-none-eabi/10.3.0/../../../../arm-none-eabi/lib/thumb/v7-m/nofp/libg.a(lib_a-lock.o)
 .ARM.attributes
                0x000000000000030e       0x1d /usr/lib/gcc/arm-none-eabi/10.3.0/thumb/v7-m/nofp/crtn.o
OUTPUT(stm32.elf elf32-littlearm)
LOAD linker stubs
LOAD /usr/lib/gcc/arm-none-eabi/10.3.0/../../../../arm-none-eabi/lib/thumb/v7-m/nofp/libc.a
LOAD /usr/lib/gcc/arm-none-eabi/10.3.0/../../../../arm-none-eabi/lib/thumb/v7-m/nofp/libm.a
LOAD /usr/lib/gcc/arm-none-eabi/10.3.0/thumb/v7-m/nofp/libgcc.a

.debug_info     0x0000000000000000     0x3f19
 .debug_info    0x0000000000000000      0x74b CMakeFiles/stm32.elf.dir/Core/Src/main.c.obj
 .debug_info    0x000000000000074b      0x902 CMakeFiles/stm32.elf.dir/Core/Src/stm32f1xx_hal_msp.c.obj
 .debug_info    0x000000000000104d      0x68b CMakeFiles/stm32.elf.dir/Core/Src/stm32f1xx_it.c.obj
 .debug_info    0x00000000000016d8      0x248 CMakeFiles/stm32.elf.dir/Core/Src/system_stm32f1xx.c.obj
 .debug_info    0x0000000000001920       0x22 CMakeFiles/stm32.elf.dir/Core/Startup/startup_stm32f103c8tx.s.obj
 .debug_info    0x0000000000001942      0x7a8 CMakeFiles/stm32.elf.dir/Drivers/STM32F1xx_HAL_Driver/Src/stm32f1xx_hal.c.obj
 .debug_info    0x00000000000020ea      0xd8a CMakeFiles/stm32.elf.dir/Drivers/STM32F1xx_HAL_Driver/Src/stm32f1xx_hal_cortex.c.obj
 .debug_info    0x0000000000002e74      0x66f CMakeFiles/stm32.elf.dir/Drivers/STM32F1xx_HAL_Driver/Src/stm32f1xx_hal_gpio.c.obj
 .debug_info    0x00000000000034e3      0xa36 CMakeFiles/stm32.elf.dir/Drivers/STM32F1xx_HAL_Driver/Src/stm32f1xx_hal_rcc.c.obj

.debug_abbrev   0x0000000000000000      0xf6f
 .debug_abbrev  0x0000000000000000      0x173 CMakeFiles/stm32.elf.dir/Core/Src/main.c.obj
 .debug_abbrev  0x0000000000000173      0x1c3 CMakeFiles/stm32.elf.dir/Core/Src/stm32f1xx_hal_msp.c.obj
 .debug_abbrev  0x0000000000000336      0x154 CMakeFiles/stm32.elf.dir/Core/Src/stm32f1xx_it.c.obj
 .debug_abbrev  0x000000000000048a      0x13e CMakeFiles/stm32.elf.dir/Core/Src/system_stm32f1xx.c.obj
 .debug_abbrev  0x00000000000005c8       0x12 CMakeFiles/stm32.elf.dir/Core/Startup/startup_stm32f103c8tx.s.obj
 .debug_abbrev  0x00000000000005da      0x1f4 CMakeFiles/stm32.elf.dir/Drivers/STM32F1xx_HAL_Driver/Src/stm32f1xx_hal.c.obj
 .debug_abbrev  0x00000000000007ce      0x341 CMakeFiles/stm32.elf.dir/Drivers/STM32F1xx_HAL_Driver/Src/stm32f1xx_hal_cortex.c.obj
 .debug_abbrev  0x0000000000000b0f      0x1e6 CMakeFiles/stm32.elf.dir/Drivers/STM32F1xx_HAL_Driver/Src/stm32f1xx_hal_gpio.c.obj
 .debug_abbrev  0x0000000000000cf5      0x27a CMakeFiles/stm32.elf.dir/Drivers/STM32F1xx_HAL_Driver/Src/stm32f1xx_hal_rcc.c.obj

.debug_aranges  0x0000000000000000      0x358
 .debug_aranges
                0x0000000000000000       0x20 CMakeFiles/stm32.elf.dir/Core/Src/main.c.obj
 .debug_aranges
                0x0000000000000020       0x30 CMakeFiles/stm32.elf.dir/Core/Src/stm32f1xx_hal_msp.c.obj
 .debug_aranges
                0x0000000000000050       0x60 CMakeFiles/stm32.elf.dir/Core/Src/stm32f1xx_it.c.obj
 .debug_aranges
                0x00000000000000b0       0x28 CMakeFiles/stm32.elf.dir/Core/Src/system_stm32f1xx.c.obj
 .debug_aranges
                0x00000000000000d8       0x28 CMakeFiles/stm32.elf.dir/Core/Startup/startup_stm32f103c8tx.s.obj
 .debug_aranges
                0x0000000000000100       0xe0 CMakeFiles/stm32.elf.dir/Drivers/STM32F1xx_HAL_Driver/Src/stm32f1xx_hal.c.obj
 .debug_aranges
                0x00000000000001e0       0x90 CMakeFiles/stm32.elf.dir/Drivers/STM32F1xx_HAL_Driver/Src/stm32f1xx_hal_cortex.c.obj
 .debug_aranges
                0x0000000000000270       0x58 CMakeFiles/stm32.elf.dir/Drivers/STM32F1xx_HAL_Driver/Src/stm32f1xx_hal_gpio.c.obj
 .debug_aranges
                0x00000000000002c8       0x90 CMakeFiles/stm32.elf.dir/Drivers/STM32F1xx_HAL_Driver/Src/stm32f1xx_hal_rcc.c.obj

.debug_ranges   0x0000000000000000      0x350
 .debug_ranges  0x0000000000000000       0x10 CMakeFiles/stm32.elf.dir/Core/Src/main.c.obj
 .debug_ranges  0x0000000000000010       0x20 CMakeFiles/stm32.elf.dir/Core/Src/stm32f1xx_hal_msp.c.obj
 .debug_ranges  0x0000000000000030       0x50 CMakeFiles/stm32.elf.dir/Core/Src/stm32f1xx_it.c.obj
 .debug_ranges  0x0000000000000080       0x18 CMakeFiles/stm32.elf.dir/Core/Src/system_stm32f1xx.c.obj
 .debug_ranges  0x0000000000000098       0x20 CMakeFiles/stm32.elf.dir/Core/Startup/startup_stm32f103c8tx.s.obj
 .debug_ranges  0x00000000000000b8       0xd0 CMakeFiles/stm32.elf.dir/Drivers/STM32F1xx_HAL_Driver/Src/stm32f1xx_hal.c.obj
 .debug_ranges  0x0000000000000188       0xe0 CMakeFiles/stm32.elf.dir/Drivers/STM32F1xx_HAL_Driver/Src/stm32f1xx_hal_cortex.c.obj
 .debug_ranges  0x0000000000000268       0x48 CMakeFiles/stm32.elf.dir/Drivers/STM32F1xx_HAL_Driver/Src/stm32f1xx_hal_gpio.c.obj
 .debug_ranges  0x00000000000002b0       0xa0 CMakeFiles/stm32.elf.dir/Drivers/STM32F1xx_HAL_Driver/Src/stm32f1xx_hal_rcc.c.obj

.debug_line     0x0000000000000000     0x2960
 .debug_line    0x0000000000000000      0x268 CMakeFiles/stm32.elf.dir/Core/Src/main.c.obj
 .debug_line    0x0000000000000268      0x2dd CMakeFiles/stm32.elf.dir/Core/Src/stm32f1xx_hal_msp.c.obj
 .debug_line    0x0000000000000545      0x343 CMakeFiles/stm32.elf.dir/Core/Src/stm32f1xx_it.c.obj
 .debug_line    0x0000000000000888      0x22c CMakeFiles/stm32.elf.dir/Core/Src/system_stm32f1xx.c.obj
 .debug_line    0x0000000000000ab4       0xb3 CMakeFiles/stm32.elf.dir/Core/Startup/startup_stm32f103c8tx.s.obj
 .debug_line    0x0000000000000b67      0x572 CMakeFiles/stm32.elf.dir/Drivers/STM32F1xx_HAL_Driver/Src/stm32f1xx_hal.c.obj
 .debug_line    0x00000000000010d9      0x64e CMakeFiles/stm32.elf.dir/Drivers/STM32F1xx_HAL_Driver/Src/stm32f1xx_hal_cortex.c.obj
 .debug_line    0x0000000000001727      0x5f8 CMakeFiles/stm32.elf.dir/Drivers/STM32F1xx_HAL_Driver/Src/stm32f1xx_hal_gpio.c.obj
 .debug_line    0x0000000000001d1f      0xc41 CMakeFiles/stm32.elf.dir/Drivers/STM32F1xx_HAL_Driver/Src/stm32f1xx_hal_rcc.c.obj

.debug_str      0x0000000000000000     0x1867
 .debug_str     0x0000000000000000      0x674 CMakeFiles/stm32.elf.dir/Core/Src/main.c.obj
                                        0x6ed (size before relaxing)
 .debug_str     0x0000000000000674      0x137 CMakeFiles/stm32.elf.dir/Core/Src/stm32f1xx_hal_msp.c.obj
                                        0x76c (size before relaxing)
 .debug_str     0x00000000000007ab       0xfa CMakeFiles/stm32.elf.dir/Core/Src/stm32f1xx_it.c.obj
                                        0x712 (size before relaxing)
 .debug_str     0x00000000000008a5       0xaa CMakeFiles/stm32.elf.dir/Core/Src/system_stm32f1xx.c.obj
                                        0x297 (size before relaxing)
 .debug_str     0x000000000000094f       0x62 CMakeFiles/stm32.elf.dir/Core/Startup/startup_stm32f103c8tx.s.obj
                                         0xa3 (size before relaxing)
 .debug_str     0x00000000000009b1      0x640 CMakeFiles/stm32.elf.dir/Drivers/STM32F1xx_HAL_Driver/Src/stm32f1xx_hal.c.obj
                                        0x867 (size before relaxing)
 .debug_str     0x0000000000000ff1      0x3f1 CMakeFiles/stm32.elf.dir/Drivers/STM32F1xx_HAL_Driver/Src/stm32f1xx_hal_cortex.c.obj
                                        0x916 (size before relaxing)
 .debug_str     0x00000000000013e2      0x146 CMakeFiles/stm32.elf.dir/Drivers/STM32F1xx_HAL_Driver/Src/stm32f1xx_hal_gpio.c.obj
                                        0x443 (size before relaxing)
 .debug_str     0x0000000000001528      0x33f CMakeFiles/stm32.elf.dir/Drivers/STM32F1xx_HAL_Driver/Src/stm32f1xx_hal_rcc.c.obj
                                        0x66e (size before relaxing)

.comment        0x0000000000000000       0x1e
 .comment       0x0000000000000000       0x1e CMakeFiles/stm32.elf.dir/Core/Src/main.c.obj
                                         0x1f (size before relaxing)
 .comment       0x000000000000001e       0x1f CMakeFiles/stm32.elf.dir/Core/Src/stm32f1xx_hal_msp.c.obj
 .comment       0x000000000000001e       0x1f CMakeFiles/stm32.elf.dir/Core/Src/stm32f1xx_it.c.obj
 .comment       0x000000000000001e       0x1f CMakeFiles/stm32.elf.dir/Core/Src/system_stm32f1xx.c.obj
 .comment       0x000000000000001e       0x1f CMakeFiles/stm32.elf.dir/Drivers/STM32F1xx_HAL_Driver/Src/stm32f1xx_hal.c.obj
 .comment       0x000000000000001e       0x1f CMakeFiles/stm32.elf.dir/Drivers/STM32F1xx_HAL_Driver/Src/stm32f1xx_hal_cortex.c.obj
 .comment       0x000000000000001e       0x1f CMakeFiles/stm32.elf.dir/Drivers/STM32F1xx_HAL_Driver/Src/stm32f1xx_hal_gpio.c.obj
 .comment       0x000000000000001e       0x1f CMakeFiles/stm32.elf.dir/Drivers/STM32F1xx_HAL_Driver/Src/stm32f1xx_hal_rcc.c.obj

.debug_frame    0x0000000000000000      0x880
 .debug_frame   0x0000000000000000       0x28 CMakeFiles/stm32.elf.dir/Core/Src/main.c.obj
 .debug_frame   0x0000000000000028       0x60 CMakeFiles/stm32.elf.dir/Core/Src/stm32f1xx_hal_msp.c.obj
 .debug_frame   0x0000000000000088       0xb0 CMakeFiles/stm32.elf.dir/Core/Src/stm32f1xx_it.c.obj
 .debug_frame   0x0000000000000138       0x30 CMakeFiles/stm32.elf.dir/Core/Src/system_stm32f1xx.c.obj
 .debug_frame   0x0000000000000168      0x1cc CMakeFiles/stm32.elf.dir/Drivers/STM32F1xx_HAL_Driver/Src/stm32f1xx_hal.c.obj
 .debug_frame   0x0000000000000334      0x118 CMakeFiles/stm32.elf.dir/Drivers/STM32F1xx_HAL_Driver/Src/stm32f1xx_hal_cortex.c.obj
 .debug_frame   0x000000000000044c       0xe4 CMakeFiles/stm32.elf.dir/Drivers/STM32F1xx_HAL_Driver/Src/stm32f1xx_hal_gpio.c.obj
 .debug_frame   0x0000000000000530      0x190 CMakeFiles/stm32.elf.dir/Drivers/STM32F1xx_HAL_Driver/Src/stm32f1xx_hal_rcc.c.obj
 .debug_frame   0x00000000000006c0       0x20 /usr/lib/gcc/arm-none-eabi/10.3.0/../../../../arm-none-eabi/lib/thumb/v7-m/nofp/libg.a(lib_a-atexit.o)
 .debug_frame   0x00000000000006e0       0x34 /usr/lib/gcc/arm-none-eabi/10.3.0/../../../../arm-none-eabi/lib/thumb/v7-m/nofp/libg.a(lib_a-fini.o)
 .debug_frame   0x0000000000000714       0x2c /usr/lib/gcc/arm-none-eabi/10.3.0/../../../../arm-none-eabi/lib/thumb/v7-m/nofp/libg.a(lib_a-init.o)
 .debug_frame   0x0000000000000740       0x34 /usr/lib/gcc/arm-none-eabi/10.3.0/../../../../arm-none-eabi/lib/thumb/v7-m/nofp/libg.a(lib_a-__atexit.o)
 .debug_frame   0x0000000000000774       0x5c /usr/lib/gcc/arm-none-eabi/10.3.0/../../../../arm-none-eabi/lib/thumb/v7-m/nofp/libg.a(lib_a-__call_atexit.o)
 .debug_frame   0x00000000000007d0       0xb0 /usr/lib/gcc/arm-none-eabi/10.3.0/../../../../arm-none-eabi/lib/thumb/v7-m/nofp/libg.a(lib_a-lock.o)

.debug_loc      0x0000000000000000     0x1496
 .debug_loc     0x0000000000000000       0x7c CMakeFiles/stm32.elf.dir/Core/Src/stm32f1xx_hal_msp.c.obj
 .debug_loc     0x000000000000007c       0xff CMakeFiles/stm32.elf.dir/Core/Src/system_stm32f1xx.c.obj
 .debug_loc     0x000000000000017b      0x141 CMakeFiles/stm32.elf.dir/Drivers/STM32F1xx_HAL_Driver/Src/stm32f1xx_hal.c.obj
 .debug_loc     0x00000000000002bc      0x71f CMakeFiles/stm32.elf.dir/Drivers/STM32F1xx_HAL_Driver/Src/stm32f1xx_hal_cortex.c.obj
 .debug_loc     0x00000000000009db      0x47d CMakeFiles/stm32.elf.dir/Drivers/STM32F1xx_HAL_Driver/Src/stm32f1xx_hal_gpio.c.obj
 .debug_loc     0x0000000000000e58      0x63e CMakeFiles/stm32.elf.dir/Drivers/STM32F1xx_HAL_Driver/Src/stm32f1xx_hal_rcc.c.obj
