Archive member included to satisfy reference by file (symbol)

/usr/lib/gcc/arm-none-eabi/10.3.0/../../../../arm-none-eabi/lib/thumb/v7-m/nofp/libg.a(lib_a-atexit.o)
                              /usr/lib/gcc/arm-none-eabi/10.3.0/../../../../arm-none-eabi/lib/thumb/v7-m/nofp/crt0.o (atexit)
/usr/lib/gcc/arm-none-eabi/10.3.0/../../../../arm-none-eabi/lib/thumb/v7-m/nofp/libg.a(lib_a-errno.o)
                              CMakeFiles/stm32.elf.dir/Core/Src/syscalls.c.obj (__errno)
/usr/lib/gcc/arm-none-eabi/10.3.0/../../../../arm-none-eabi/lib/thumb/v7-m/nofp/libg.a(lib_a-exit.o)
                              /usr/lib/gcc/arm-none-eabi/10.3.0/../../../../arm-none-eabi/lib/thumb/v7-m/nofp/crt0.o (exit)
/usr/lib/gcc/arm-none-eabi/10.3.0/../../../../arm-none-eabi/lib/thumb/v7-m/nofp/libg.a(lib_a-fini.o)
                              /usr/lib/gcc/arm-none-eabi/10.3.0/../../../../arm-none-eabi/lib/thumb/v7-m/nofp/crt0.o (__libc_fini_array)
/usr/lib/gcc/arm-none-eabi/10.3.0/../../../../arm-none-eabi/lib/thumb/v7-m/nofp/libg.a(lib_a-impure.o)
                              /usr/lib/gcc/arm-none-eabi/10.3.0/../../../../arm-none-eabi/lib/thumb/v7-m/nofp/libg.a(lib_a-exit.o) (_global_impure_ptr)
/usr/lib/gcc/arm-none-eabi/10.3.0/../../../../arm-none-eabi/lib/thumb/v7-m/nofp/libg.a(lib_a-init.o)
                              /usr/lib/gcc/arm-none-eabi/10.3.0/../../../../arm-none-eabi/lib/thumb/v7-m/nofp/crt0.o (__libc_init_array)
/usr/lib/gcc/arm-none-eabi/10.3.0/../../../../arm-none-eabi/lib/thumb/v7-m/nofp/libg.a(lib_a-memset.o)
                              /usr/lib/gcc/arm-none-eabi/10.3.0/../../../../arm-none-eabi/lib/thumb/v7-m/nofp/crt0.o (memset)
/usr/lib/gcc/arm-none-eabi/10.3.0/../../../../arm-none-eabi/lib/thumb/v7-m/nofp/libg.a(lib_a-__atexit.o)
                              /usr/lib/gcc/arm-none-eabi/10.3.0/../../../../arm-none-eabi/lib/thumb/v7-m/nofp/libg.a(lib_a-atexit.o) (__register_exitproc)
/usr/lib/gcc/arm-none-eabi/10.3.0/../../../../arm-none-eabi/lib/thumb/v7-m/nofp/libg.a(lib_a-__call_atexit.o)
                              /usr/lib/gcc/arm-none-eabi/10.3.0/../../../../arm-none-eabi/lib/thumb/v7-m/nofp/libg.a(lib_a-exit.o) (__call_exitprocs)
/usr/lib/gcc/arm-none-eabi/10.3.0/../../../../arm-none-eabi/lib/thumb/v7-m/nofp/libg.a(lib_a-lock.o)
                              /usr/lib/gcc/arm-none-eabi/10.3.0/../../../../arm-none-eabi/lib/thumb/v7-m/nofp/libg.a(lib_a-__atexit.o) (__retarget_lock_acquire_recursive)

Discarded input sections

 .text          0x0000000000000000        0x0 /usr/lib/gcc/arm-none-eabi/10.3.0/thumb/v7-m/nofp/crti.o
 .data          0x0000000000000000        0x0 /usr/lib/gcc/arm-none-eabi/10.3.0/thumb/v7-m/nofp/crti.o
 .bss           0x0000000000000000        0x0 /usr/lib/gcc/arm-none-eabi/10.3.0/thumb/v7-m/nofp/crti.o
 .text          0x0000000000000000        0x0 /usr/lib/gcc/arm-none-eabi/10.3.0/thumb/v7-m/nofp/crtbegin.o
 .data          0x0000000000000000        0x0 /usr/lib/gcc/arm-none-eabi/10.3.0/thumb/v7-m/nofp/crtbegin.o
 .bss           0x0000000000000000        0x0 /usr/lib/gcc/arm-none-eabi/10.3.0/thumb/v7-m/nofp/crtbegin.o
 .rodata.all_implied_fbits
                0x0000000000000000       0x24 /usr/lib/gcc/arm-none-eabi/10.3.0/thumb/v7-m/nofp/crtbegin.o
 .data.__dso_handle
                0x0000000000000000        0x4 /usr/lib/gcc/arm-none-eabi/10.3.0/thumb/v7-m/nofp/crtbegin.o
 .text          0x0000000000000000       0x70 /usr/lib/gcc/arm-none-eabi/10.3.0/../../../../arm-none-eabi/lib/thumb/v7-m/nofp/crt0.o
 .data          0x0000000000000000        0x0 /usr/lib/gcc/arm-none-eabi/10.3.0/../../../../arm-none-eabi/lib/thumb/v7-m/nofp/crt0.o
 .bss           0x0000000000000000        0x0 /usr/lib/gcc/arm-none-eabi/10.3.0/../../../../arm-none-eabi/lib/thumb/v7-m/nofp/crt0.o
 .ARM.extab     0x0000000000000000        0x0 /usr/lib/gcc/arm-none-eabi/10.3.0/../../../../arm-none-eabi/lib/thumb/v7-m/nofp/crt0.o
 .ARM.exidx     0x0000000000000000       0x10 /usr/lib/gcc/arm-none-eabi/10.3.0/../../../../arm-none-eabi/lib/thumb/v7-m/nofp/crt0.o
 .ARM.attributes
                0x0000000000000000       0x1b /usr/lib/gcc/arm-none-eabi/10.3.0/../../../../arm-none-eabi/lib/thumb/v7-m/nofp/crt0.o
 .text          0x0000000000000000        0x0 CMakeFiles/stm32.elf.dir/Core/Src/config.c.obj
 .data          0x0000000000000000        0x0 CMakeFiles/stm32.elf.dir/Core/Src/config.c.obj
 .bss           0x0000000000000000        0x0 CMakeFiles/stm32.elf.dir/Core/Src/config.c.obj
 .text          0x0000000000000000        0x0 CMakeFiles/stm32.elf.dir/Core/Src/main.c.obj
 .data          0x0000000000000000        0x0 CMakeFiles/stm32.elf.dir/Core/Src/main.c.obj
 .bss           0x0000000000000000        0x0 CMakeFiles/stm32.elf.dir/Core/Src/main.c.obj
 .text          0x0000000000000000        0x0 CMakeFiles/stm32.elf.dir/Core/Src/stm32f1xx_hal_msp.c.obj
 .data          0x0000000000000000        0x0 CMakeFiles/stm32.elf.dir/Core/Src/stm32f1xx_hal_msp.c.obj
[...]
Memory Configuration

Name             Origin             Length             Attributes
RAM              0x0000000020000000 0x0000000000005000 xrw
FLASH            0x0000000008000000 0x0000000000010000 xr
*default*        0x0000000000000000 0xffffffffffffffff

Linker script and memory map

LOAD /usr/lib/gcc/arm-none-eabi/10.3.0/thumb/v7-m/nofp/crti.o
LOAD /usr/lib/gcc/arm-none-eabi/10.3.0/thumb/v7-m/nofp/crtbegin.o
LOAD /usr/lib/gcc/arm-none-eabi/10.3.0/../../../../arm-none-eabi/lib/thumb/v7-m/nofp/crt0.o
LOAD CMakeFiles/stm32.elf.dir/Core/Src/config.c.obj
LOAD CMakeFiles/stm32.elf.dir/Core/Src/main.c.obj
LOAD CMakeFiles/stm32.elf.dir/Core/Src/stm32f1xx_hal_msp.c.obj
LOAD CMakeFiles/stm32.elf.dir/Core/Src/stm32f1xx_it.c.obj
LOAD CMakeFiles/stm32.elf.dir/Core/Src/syscalls.c.obj
LOAD CMakeFiles/stm32.elf.dir/Core/Src/sysmem.c.obj
LOAD CMakeFiles/stm32.elf.dir/Core/Src/system_stm32f1xx.c.obj
LOAD CMakeFiles/stm32.elf.dir/Core/Startup/startup_stm32f103c8tx.s.obj
LOAD CMakeFiles/stm32.elf.dir/Drivers/STM32F1xx_HAL_Driver/Src/stm32f1xx_hal.c.obj
LOAD CMakeFiles/stm32.elf.dir/Drivers/STM32F1xx_HAL_Driver/Src/stm32f1xx_hal_cortex.c.obj
LOAD CMakeFiles/stm32.elf.dir/Drivers/STM32F1xx_HAL_Driver/Src/stm32f1xx_hal_dma.c.obj
LOAD CMakeFiles/stm32.elf.dir/Drivers/STM32F1xx_HAL_Driver/Src/stm32f1xx_hal_exti.c.obj
LOAD CMakeFiles/stm32.elf.dir/Drivers/STM32F1xx_HAL_Driver/Src/stm32f1xx_hal_flash.c.obj
LOAD CMakeFiles/stm32.elf.dir/Drivers/STM32F1xx_HAL_Driver/Src/stm32f1xx_hal_flash_ex.c.obj
LOAD CMakeFiles/stm32.elf.dir/Drivers/STM32F1xx_HAL_Driver/Src/stm32f1xx_hal_gpio.c.obj
LOAD CMakeFiles/stm32.elf.dir/Drivers/STM32F1xx_HAL_Driver/Src/stm32f1xx_hal_gpio_ex.c.obj
LOAD CMakeFiles/stm32.elf.dir/Drivers/STM32F1xx_HAL_Driver/Src/stm32f1xx_hal_i2c.c.obj
LOAD CMakeFiles/stm32.elf.dir/Drivers/STM32F1xx_HAL_Driver/Src/stm32f1xx_hal_pwr.c.obj
LOAD CMakeFiles/stm32.elf.dir/Drivers/STM32F1xx_HAL_Driver/Src/stm32f1xx_hal_rcc.c.obj
LOAD CMakeFiles/stm32.elf.dir/Drivers/STM32F1xx_HAL_Driver/Src/stm32f1xx_hal_rcc_ex.c.obj
LOAD CMakeFiles/stm32.elf.dir/Drivers/STM32F1xx_HAL_Driver/Src/stm32f1xx_hal_tim.c.obj
LOAD CMakeFiles/stm32.elf.dir/Drivers/STM32F1xx_HAL_Driver/Src/stm32f1xx_hal_tim_ex.c.obj
START GROUP
LOAD /usr/lib/gcc/arm-none-eabi/10.3.0/thumb/v7-m/nofp/libgcc.a
LOAD /usr/lib/gcc/arm-none-eabi/10.3.0/../../../../arm-none-eabi/lib/thumb/v7-m/nofp/libg.a
LOAD /usr/lib/gcc/arm-none-eabi/10.3.0/../../../../arm-none-eabi/lib/thumb/v7-m/nofp/libc.a
END GROUP
LOAD /usr/lib/gcc/arm-none-eabi/10.3.0/thumb/v7-m/nofp/crtend.o
LOAD /usr/lib/gcc/arm-none-eabi/10.3.0/thumb/v7-m/nofp/crtn.o
                0x0000000020005000                _estack = (ORIGIN (RAM) + LENGTH (RAM))
                0x0000000000000200                _Min_Heap_Size = 0x200
                0x0000000000000400                _Min_Stack_Size = 0x400

.isr_vector     0x0000000008000000      0x10c
                0x0000000008000000                . = ALIGN (0x4)
 *(.isr_vector)
 .isr_vector    0x0000000008000000      0x10c CMakeFiles/stm32.elf.dir/Core/Startup/startup_stm32f103c8tx.s.obj
                0x0000000008000000                g_pfnVectors
                0x000000000800010c                . = ALIGN (0x4)

.text           0x000000000800010c     0x1078
                0x000000000800010c                . = ALIGN (0x4)
 *(.text)
 *(.text*)
 .text.__do_global_dtors_aux
                0x000000000800010c       0x24 /usr/lib/gcc/arm-none-eabi/10.3.0/thumb/v7-m/nofp/crtbegin.o
 .text.frame_dummy
                0x0000000008000130       0x1c /usr/lib/gcc/arm-none-eabi/10.3.0/thumb/v7-m/nofp/crtbegin.o
 .text.GPIO_config
                0x000000000800014c       0x40 CMakeFiles/stm32.elf.dir/Core/Src/config.c.obj
                0x000000000800014c                GPIO_config
 .text.MX_GPIO_Init
                0x000000000800018c       0x54 CMakeFiles/stm32.elf.dir/Core/Src/config.c.obj
                0x000000000800018c                MX_GPIO_Init
 .text.Error_Handler
                0x00000000080001e0        0x4 CMakeFiles/stm32.elf.dir/Core/Src/config.c.obj
                0x00000000080001e0                Error_Handler
 .text.SystemClock_Config
                0x00000000080001e4       0x68 CMakeFiles/stm32.elf.dir/Core/Src/config.c.obj
                0x00000000080001e4                SystemClock_Config
 .text.MX_I2C1_Init
                0x000000000800024c       0x3c CMakeFiles/stm32.elf.dir/Core/Src/config.c.obj
                0x000000000800024c                MX_I2C1_Init
 .text.listenForSignal
                0x0000000008000288       0x34 CMakeFiles/stm32.elf.dir/Core/Src/main.c.obj
                0x0000000008000288                listenForSignal
 .text.main     0x00000000080002bc       0x1c CMakeFiles/stm32.elf.dir/Core/Src/main.c.obj
                0x00000000080002bc                main
 .text.HAL_MspInit
                0x00000000080002d8       0x44 CMakeFiles/stm32.elf.dir/Core/Src/stm32f1xx_hal_msp.c.obj
                0x00000000080002d8                HAL_MspInit
 .text.HAL_I2C_MspInit
                0x000000000800031c       0x64 CMakeFiles/stm32.elf.dir/Core/Src/stm32f1xx_hal_msp.c.obj
                0x000000000800031c                HAL_I2C_MspInit
 .text.NMI_Handler
                0x0000000008000380        0x8 CMakeFiles/stm32.elf.dir/Core/Src/stm32f1xx_it.c.obj
                0x0000000008000380                NMI_Handler
 .text.HardFault_Handler
                0x0000000008000388        0x2 CMakeFiles/stm32.elf.dir/Core/Src/stm32f1xx_it.c.obj
                0x0000000008000388                HardFault_Handler
 .text.MemManage_Handler
                0x000000000800038a        0x2 CMakeFiles/stm32.elf.dir/Core/Src/stm32f1xx_it.c.obj
                0x000000000800038a                MemManage_Handler
 .text.BusFault_Handler
                0x000000000800038c        0x2 CMakeFiles/stm32.elf.dir/Core/Src/stm32f1xx_it.c.obj
                0x000000000800038c                BusFault_Handler
 .text.UsageFault_Handler
                0x000000000800038e        0x2 CMakeFiles/stm32.elf.dir/Core/Src/stm32f1xx_it.c.obj
                0x000000000800038e                UsageFault_Handler
 .text.SVC_Handler
                0x0000000008000390        0x2 CMakeFiles/stm32.elf.dir/Core/Src/stm32f1xx_it.c.obj
                0x0000000008000390                SVC_Handler
 .text.DebugMon_Handler
                0x0000000008000392        0x2 CMakeFiles/stm32.elf.dir/Core/Src/stm32f1xx_it.c.obj
                0x0000000008000392                DebugMon_Handler
 .text.PendSV_Handler
                0x0000000008000394        0x2 CMakeFiles/stm32.elf.dir/Core/Src/stm32f1xx_it.c.obj
                0x0000000008000394                PendSV_Handler
 .text.SysTick_Handler
                0x0000000008000396        0x8 CMakeFiles/stm32.elf.dir/Core/Src/stm32f1xx_it.c.obj
                0x0000000008000396                SysTick_Handler
 .text.SystemInit
                0x000000000800039e        0x2 CMakeFiles/stm32.elf.dir/Core/Src/system_stm32f1xx.c.obj
                0x000000000800039e                SystemInit
 .text.Reset_Handler
                0x00000000080003a0       0x48 CMakeFiles/stm32.elf.dir/Core/Startup/startup_stm32f103c8tx.s.obj
                0x00000000080003a0                Reset_Handler
 .text.Default_Handler
                0x00000000080003e8        0x2 CMakeFiles/stm32.elf.dir/Core/Startup/startup_stm32f103c8tx.s.obj
                0x00000000080003e8                RTC_Alarm_IRQHandler
                0x00000000080003e8                EXTI2_IRQHandler
                0x00000000080003e8                TIM1_CC_IRQHandler
                0x00000000080003e8                PVD_IRQHandler
                0x00000000080003e8                EXTI3_IRQHandler
                0x00000000080003e8                EXTI0_IRQHandler
                0x00000000080003e8                I2C2_EV_IRQHandler
                0x00000000080003e8                ADC1_2_IRQHandler
                0x00000000080003e8                SPI1_IRQHandler
                0x00000000080003e8                TAMPER_IRQHandler
                0x00000000080003e8                DMA1_Channel4_IRQHandler
                0x00000000080003e8                USART3_IRQHandler
                0x00000000080003e8                RTC_IRQHandler
                0x00000000080003e8                DMA1_Channel7_IRQHandler
                0x00000000080003e8                CAN1_RX1_IRQHandler
                0x00000000080003e8                TIM4_IRQHandler
                0x00000000080003e8                I2C1_EV_IRQHandler
                0x00000000080003e8                DMA1_Channel6_IRQHandler
                0x00000000080003e8                TIM3_IRQHandler
                0x00000000080003e8                RCC_IRQHandler
                0x00000000080003e8                TIM1_TRG_COM_IRQHandler
                0x00000000080003e8                DMA1_Channel1_IRQHandler
                0x00000000080003e8                Default_Handler
                0x00000000080003e8                EXTI15_10_IRQHandler
                0x00000000080003e8                EXTI9_5_IRQHandler
                0x00000000080003e8                SPI2_IRQHandler
                0x00000000080003e8                DMA1_Channel5_IRQHandler
                0x00000000080003e8                EXTI4_IRQHandler
                0x00000000080003e8                USB_LP_CAN1_RX0_IRQHandler
                0x00000000080003e8                USB_HP_CAN1_TX_IRQHandler
                0x00000000080003e8                DMA1_Channel3_IRQHandler
                0x00000000080003e8                TIM1_UP_IRQHandler
                0x00000000080003e8                WWDG_IRQHandler
                0x00000000080003e8                TIM2_IRQHandler
                0x00000000080003e8                TIM1_BRK_IRQHandler
                0x00000000080003e8                EXTI1_IRQHandler
                0x00000000080003e8                USART2_IRQHandler
                0x00000000080003e8                I2C2_ER_IRQHandler
                0x00000000080003e8                DMA1_Channel2_IRQHandler
                0x00000000080003e8                CAN1_SCE_IRQHandler
                0x00000000080003e8                FLASH_IRQHandler
                0x00000000080003e8                USART1_IRQHandler
                0x00000000080003e8                I2C1_ER_IRQHandler
                0x00000000080003e8                USBWakeUp_IRQHandler
 *fill*         0x00000000080003ea        0x2 
 .text.HAL_InitTick
                0x00000000080003ec       0x4c CMakeFiles/stm32.elf.dir/Drivers/STM32F1xx_HAL_Driver/Src/stm32f1xx_hal.c.obj
                0x00000000080003ec                HAL_InitTick
 .text.HAL_Init
                0x0000000008000438       0x24 CMakeFiles/stm32.elf.dir/Drivers/STM32F1xx_HAL_Driver/Src/stm32f1xx_hal.c.obj
                0x0000000008000438                HAL_Init
 .text.HAL_IncTick
                0x000000000800045c       0x18 CMakeFiles/stm32.elf.dir/Drivers/STM32F1xx_HAL_Driver/Src/stm32f1xx_hal.c.obj
                0x000000000800045c                HAL_IncTick
 .text.HAL_GetTick
                0x0000000008000474        0xc CMakeFiles/stm32.elf.dir/Drivers/STM32F1xx_HAL_Driver/Src/stm32f1xx_hal.c.obj
                0x0000000008000474                HAL_GetTick
 .text.HAL_NVIC_SetPriorityGrouping
                0x0000000008000480       0x24 CMakeFiles/stm32.elf.dir/Drivers/STM32F1xx_HAL_Driver/Src/stm32f1xx_hal_cortex.c.obj
                0x0000000008000480                HAL_NVIC_SetPriorityGrouping
 .text.HAL_NVIC_SetPriority
                0x00000000080004a4       0x70 CMakeFiles/stm32.elf.dir/Drivers/STM32F1xx_HAL_Driver/Src/stm32f1xx_hal_cortex.c.obj
                0x00000000080004a4                HAL_NVIC_SetPriority
 .text.HAL_SYSTICK_Config
                0x0000000008000514       0x28 CMakeFiles/stm32.elf.dir/Drivers/STM32F1xx_HAL_Driver/Src/stm32f1xx_hal_cortex.c.obj
                0x0000000008000514                HAL_SYSTICK_Config
 .text.HAL_GPIO_Init
                0x000000000800053c      0x224 CMakeFiles/stm32.elf.dir/Drivers/STM32F1xx_HAL_Driver/Src/stm32f1xx_hal_gpio.c.obj
                0x000000000800053c                HAL_GPIO_Init
 .text.HAL_GPIO_ReadPin
                0x0000000008000760        0xe CMakeFiles/stm32.elf.dir/Drivers/STM32F1xx_HAL_Driver/Src/stm32f1xx_hal_gpio.c.obj
                0x0000000008000760                HAL_GPIO_ReadPin
 .text.HAL_GPIO_WritePin
                0x000000000800076e        0xc CMakeFiles/stm32.elf.dir/Drivers/STM32F1xx_HAL_Driver/Src/stm32f1xx_hal_gpio.c.obj
                0x000000000800076e                HAL_GPIO_WritePin
 *fill*         0x000000000800077a        0x2 
 .text.HAL_I2C_Init
                0x000000000800077c      0x1bc CMakeFiles/stm32.elf.dir/Drivers/STM32F1xx_HAL_Driver/Src/stm32f1xx_hal_i2c.c.obj
                0x000000000800077c                HAL_I2C_Init
 .text.RCC_Delay
                0x0000000008000938       0x2c CMakeFiles/stm32.elf.dir/Drivers/STM32F1xx_HAL_Driver/Src/stm32f1xx_hal_rcc.c.obj
 .text.HAL_RCC_OscConfig
                0x0000000008000964      0x410 CMakeFiles/stm32.elf.dir/Drivers/STM32F1xx_HAL_Driver/Src/stm32f1xx_hal_rcc.c.obj
                0x0000000008000964                HAL_RCC_OscConfig
 .text.HAL_RCC_EnableCSS
                0x0000000008000d74        0xc CMakeFiles/stm32.elf.dir/Drivers/STM32F1xx_HAL_Driver/Src/stm32f1xx_hal_rcc.c.obj
                0x0000000008000d74                HAL_RCC_EnableCSS
 .text.HAL_RCC_GetSysClockFreq
                0x0000000008000d80       0x6c CMakeFiles/stm32.elf.dir/Drivers/STM32F1xx_HAL_Driver/Src/stm32f1xx_hal_rcc.c.obj
                0x0000000008000d80                HAL_RCC_GetSysClockFreq
 .text.HAL_RCC_ClockConfig
                0x0000000008000dec      0x16c CMakeFiles/stm32.elf.dir/Drivers/STM32F1xx_HAL_Driver/Src/stm32f1xx_hal_rcc.c.obj
                0x0000000008000dec                HAL_RCC_ClockConfig
 .text.HAL_RCC_GetHCLKFreq
                0x0000000008000f58        0xc CMakeFiles/stm32.elf.dir/Drivers/STM32F1xx_HAL_Driver/Src/stm32f1xx_hal_rcc.c.obj
                0x0000000008000f58                HAL_RCC_GetHCLKFreq
 .text.HAL_RCC_GetPCLK1Freq
                0x0000000008000f64       0x20 CMakeFiles/stm32.elf.dir/Drivers/STM32F1xx_HAL_Driver/Src/stm32f1xx_hal_rcc.c.obj
                0x0000000008000f64                HAL_RCC_GetPCLK1Freq
 .text.HAL_RCC_CSSCallback
                0x0000000008000f84        0x2 CMakeFiles/stm32.elf.dir/Drivers/STM32F1xx_HAL_Driver/Src/stm32f1xx_hal_rcc.c.obj
                0x0000000008000f84                HAL_RCC_CSSCallback
 *fill*         0x0000000008000f86        0x2 
 .text.HAL_RCC_NMI_IRQHandler
                0x0000000008000f88       0x20 CMakeFiles/stm32.elf.dir/Drivers/STM32F1xx_HAL_Driver/Src/stm32f1xx_hal_rcc.c.obj
                0x0000000008000f88                HAL_RCC_NMI_IRQHandler
 .text.atexit   0x0000000008000fa8        0xc /usr/lib/gcc/arm-none-eabi/10.3.0/../../../../arm-none-eabi/lib/thumb/v7-m/nofp/libg.a(lib_a-atexit.o)
                0x0000000008000fa8                atexit
 .text.__libc_fini_array
                0x0000000008000fb4       0x2c /usr/lib/gcc/arm-none-eabi/10.3.0/../../../../arm-none-eabi/lib/thumb/v7-m/nofp/libg.a(lib_a-fini.o)
                0x0000000008000fb4                __libc_fini_array
 .text.__libc_init_array
                0x0000000008000fe0       0x48 /usr/lib/gcc/arm-none-eabi/10.3.0/../../../../arm-none-eabi/lib/thumb/v7-m/nofp/libg.a(lib_a-init.o)
                0x0000000008000fe0                __libc_init_array
 .text.memset   0x0000000008001028       0xa4 /usr/lib/gcc/arm-none-eabi/10.3.0/../../../../arm-none-eabi/lib/thumb/v7-m/nofp/libg.a(lib_a-memset.o)
                0x0000000008001028                memset
 .text.__register_exitproc
                0x00000000080010cc       0x84 /usr/lib/gcc/arm-none-eabi/10.3.0/../../../../arm-none-eabi/lib/thumb/v7-m/nofp/libg.a(lib_a-__atexit.o)
                0x00000000080010cc                __register_exitproc
 .text.startup.register_fini
                0x0000000008001150       0x14 /usr/lib/gcc/arm-none-eabi/10.3.0/../../../../arm-none-eabi/lib/thumb/v7-m/nofp/libg.a(lib_a-__call_atexit.o)
 .text.__retarget_lock_acquire_recursive
                0x0000000008001164        0x4 /usr/lib/gcc/arm-none-eabi/10.3.0/../../../../arm-none-eabi/lib/thumb/v7-m/nofp/libg.a(lib_a-lock.o)
                0x0000000008001164                __retarget_lock_acquire_recursive
 .text.__retarget_lock_release_recursive
                0x0000000008001168        0x4 /usr/lib/gcc/arm-none-eabi/10.3.0/../../../../arm-none-eabi/lib/thumb/v7-m/nofp/libg.a(lib_a-lock.o)
                0x0000000008001168                __retarget_lock_release_recursive
 *(.glue_7)
 .glue_7        0x000000000800116c        0x0 linker stubs
 *(.glue_7t)
 .glue_7t       0x000000000800116c        0x0 linker stubs
 *(.eh_frame)
 .eh_frame      0x000000000800116c        0x0 /usr/lib/gcc/arm-none-eabi/10.3.0/thumb/v7-m/nofp/crtbegin.o
 *(.init)
 .init          0x000000000800116c        0x4 /usr/lib/gcc/arm-none-eabi/10.3.0/thumb/v7-m/nofp/crti.o
                0x000000000800116c                _init
 .init          0x0000000008001170        0x8 /usr/lib/gcc/arm-none-eabi/10.3.0/thumb/v7-m/nofp/crtn.o
 *(.fini)
 .fini          0x0000000008001178        0x4 /usr/lib/gcc/arm-none-eabi/10.3.0/thumb/v7-m/nofp/crti.o
                0x0000000008001178                _fini
 .fini          0x000000000800117c        0x8 /usr/lib/gcc/arm-none-eabi/10.3.0/thumb/v7-m/nofp/crtn.o
                0x0000000008001184                . = ALIGN (0x4)
                0x0000000008001184                _etext = .

.vfp11_veneer   0x0000000008001184        0x0
 .vfp11_veneer  0x0000000008001184        0x0 linker stubs

.v4_bx          0x0000000008001184        0x0
 .v4_bx         0x0000000008001184        0x0 linker stubs

.iplt           0x0000000008001184        0x0
 .iplt          0x0000000008001184        0x0 /usr/lib/gcc/arm-none-eabi/10.3.0/thumb/v7-m/nofp/crtbegin.o

.rodata         0x0000000008001184       0x30
                0x0000000008001184                . = ALIGN (0x4)
 *(.rodata)
 *(.rodata*)
 .rodata.AHBPrescTable
                0x0000000008001184       0x10 CMakeFiles/stm32.elf.dir/Core/Src/system_stm32f1xx.c.obj
                0x0000000008001184                AHBPrescTable
 .rodata.APBPrescTable
                0x0000000008001194        0x8 CMakeFiles/stm32.elf.dir/Core/Src/system_stm32f1xx.c.obj
                0x0000000008001194                APBPrescTable
 .rodata.HAL_RCC_GetSysClockFreq.str1.4
                0x000000000800119c       0x11 CMakeFiles/stm32.elf.dir/Drivers/STM32F1xx_HAL_Driver/Src/stm32f1xx_hal_rcc.c.obj
 *fill*         0x00000000080011ad        0x3 
 .rodata._global_impure_ptr
                0x00000000080011b0        0x4 /usr/lib/gcc/arm-none-eabi/10.3.0/../../../../arm-none-eabi/lib/thumb/v7-m/nofp/libg.a(lib_a-impure.o)
                0x00000000080011b0                _global_impure_ptr
                0x00000000080011b4                . = ALIGN (0x4)

.rel.dyn        0x00000000080011b4        0x0
 .rel.iplt      0x00000000080011b4        0x0 /usr/lib/gcc/arm-none-eabi/10.3.0/thumb/v7-m/nofp/crtbegin.o

.ARM.extab      0x00000000080011b4        0x0
                0x00000000080011b4                . = ALIGN (0x4)
 *(.ARM.extab* .gnu.linkonce.armextab.*)
                0x00000000080011b4                . = ALIGN (0x4)

.ARM            0x00000000080011b4        0x0
                0x00000000080011b4                . = ALIGN (0x4)
                0x00000000080011b4                __exidx_start = .
 *(.ARM.exidx*)
                0x00000000080011b4                __exidx_end = .
                0x00000000080011b4                . = ALIGN (0x4)

.preinit_array  0x00000000080011b4        0x0
                0x00000000080011b4                . = ALIGN (0x4)
                0x00000000080011b4                PROVIDE (__preinit_array_start = .)
 *(.preinit_array*)
                0x00000000080011b4                PROVIDE (__preinit_array_end = .)
                0x00000000080011b4                . = ALIGN (0x4)

.init_array     0x00000000080011b4        0x8
                0x00000000080011b4                . = ALIGN (0x4)
                0x00000000080011b4                PROVIDE (__init_array_start = .)
 *(SORT_BY_NAME(.init_array.*))
 .init_array.00000
                0x00000000080011b4        0x4 /usr/lib/gcc/arm-none-eabi/10.3.0/../../../../arm-none-eabi/lib/thumb/v7-m/nofp/libg.a(lib_a-__call_atexit.o)
 *(.init_array*)
 .init_array    0x00000000080011b8        0x4 /usr/lib/gcc/arm-none-eabi/10.3.0/thumb/v7-m/nofp/crtbegin.o
                0x00000000080011bc                PROVIDE (__init_array_end = .)
                0x00000000080011bc                . = ALIGN (0x4)

.fini_array     0x00000000080011bc        0x4
                0x00000000080011bc                . = ALIGN (0x4)
                0x00000000080011bc                PROVIDE (__fini_array_start = .)
 *(SORT_BY_NAME(.fini_array.*))
 *(.fini_array*)
 .fini_array    0x00000000080011bc        0x4 /usr/lib/gcc/arm-none-eabi/10.3.0/thumb/v7-m/nofp/crtbegin.o
                0x00000000080011c0                PROVIDE (__fini_array_end = .)
                0x00000000080011c0                . = ALIGN (0x4)
                0x00000000080011c0                _sidata = LOADADDR (.data)

.data           0x0000000020000000      0x43c load address 0x00000000080011c0
                0x0000000020000000                . = ALIGN (0x4)
                0x0000000020000000                _sdata = .
 *(.data)
 *(.data*)
 .data.SystemCoreClock
                0x0000000020000000        0x4 CMakeFiles/stm32.elf.dir/Core/Src/system_stm32f1xx.c.obj
                0x0000000020000000                SystemCoreClock
 .data.uwTickFreq
                0x0000000020000004        0x1 CMakeFiles/stm32.elf.dir/Drivers/STM32F1xx_HAL_Driver/Src/stm32f1xx_hal.c.obj
                0x0000000020000004                uwTickFreq
 *fill*         0x0000000020000005        0x3 
 .data.uwTickPrio
                0x0000000020000008        0x4 CMakeFiles/stm32.elf.dir/Drivers/STM32F1xx_HAL_Driver/Src/stm32f1xx_hal.c.obj
                0x0000000020000008                uwTickPrio
 *fill*         0x000000002000000c        0x4 
 .data.impure_data
                0x0000000020000010      0x428 /usr/lib/gcc/arm-none-eabi/10.3.0/../../../../arm-none-eabi/lib/thumb/v7-m/nofp/libg.a(lib_a-impure.o)
 .data.__atexit_recursive_mutex
                0x0000000020000438        0x4 /usr/lib/gcc/arm-none-eabi/10.3.0/../../../../arm-none-eabi/lib/thumb/v7-m/nofp/libg.a(lib_a-__call_atexit.o)
                0x0000000020000438                __atexit_recursive_mutex
 *(.RamFunc)
 *(.RamFunc*)
                0x000000002000043c                . = ALIGN (0x4)
                0x000000002000043c                _edata = .

.igot.plt       0x000000002000043c        0x0 load address 0x00000000080015fc
 .igot.plt      0x000000002000043c        0x0 /usr/lib/gcc/arm-none-eabi/10.3.0/thumb/v7-m/nofp/crtbegin.o
                0x000000002000043c                . = ALIGN (0x4)

.bss            0x000000002000043c       0x24 load address 0x00000000080015fc
                0x000000002000043c                _sbss = .
                0x000000002000043c                __bss_start__ = _sbss
 *(.bss)
 *(.bss*)
 .bss.completed.1
                0x000000002000043c        0x1 /usr/lib/gcc/arm-none-eabi/10.3.0/thumb/v7-m/nofp/crtbegin.o
 *fill*         0x000000002000043d        0x3 
 .bss.object.0  0x0000000020000440       0x18 /usr/lib/gcc/arm-none-eabi/10.3.0/thumb/v7-m/nofp/crtbegin.o
 .bss.uwTick    0x0000000020000458        0x4 CMakeFiles/stm32.elf.dir/Drivers/STM32F1xx_HAL_Driver/Src/stm32f1xx_hal.c.obj
                0x0000000020000458                uwTick
 .bss.__lock___atexit_recursive_mutex
                0x000000002000045c        0x1 /usr/lib/gcc/arm-none-eabi/10.3.0/../../../../arm-none-eabi/lib/thumb/v7-m/nofp/libg.a(lib_a-lock.o)
                0x000000002000045c                __lock___atexit_recursive_mutex
 *(COMMON)
                0x0000000020000460                . = ALIGN (0x4)
 *fill*         0x000000002000045d        0x3 
                0x0000000020000460                _ebss = .
                0x0000000020000460                __bss_end__ = _ebss

._user_heap_stack
                0x0000000020000460      0x600 load address 0x00000000080015fc
                0x0000000020000460                . = ALIGN (0x8)
                [!provide]                        PROVIDE (end = .)
                0x0000000020000460                PROVIDE (_end = .)
                0x0000000020000660                . = (. + _Min_Heap_Size)
 *fill*         0x0000000020000460      0x200 
                0x0000000020000a60                . = (. + _Min_Stack_Size)
 *fill*         0x0000000020000660      0x400 
                0x0000000020000a60                . = ALIGN (0x8)

/DISCARD/
 libc.a(*)
 libm.a(*)
 libgcc.a(*)

.ARM.attributes
                0x0000000000000000       0x29
 *(.ARM.attributes)
 .ARM.attributes
                0x0000000000000000       0x1d /usr/lib/gcc/arm-none-eabi/10.3.0/thumb/v7-m/nofp/crti.o
 .ARM.attributes
                0x000000000000001d       0x2d /usr/lib/gcc/arm-none-eabi/10.3.0/thumb/v7-m/nofp/crtbegin.o
 .ARM.attributes
                0x000000000000004a       0x2d CMakeFiles/stm32.elf.dir/Core/Src/config.c.obj
 .ARM.attributes
                0x0000000000000077       0x2d CMakeFiles/stm32.elf.dir/Core/Src/main.c.obj
 .ARM.attributes
                0x00000000000000a4       0x2d CMakeFiles/stm32.elf.dir/Core/Src/stm32f1xx_hal_msp.c.obj
 .ARM.attributes
                0x00000000000000d1       0x2d CMakeFiles/stm32.elf.dir/Core/Src/stm32f1xx_it.c.obj
 .ARM.attributes
                0x00000000000000fe       0x2d CMakeFiles/stm32.elf.dir/Core/Src/system_stm32f1xx.c.obj
 .ARM.attributes
                0x000000000000012b       0x21 CMakeFiles/stm32.elf.dir/Core/Startup/startup_stm32f103c8tx.s.obj
 .ARM.attributes
                0x000000000000014c       0x2d CMakeFiles/stm32.elf.dir/Drivers/STM32F1xx_HAL_Driver/Src/stm32f1xx_hal.c.obj
 .ARM.attributes
                0x0000000000000179       0x2d CMakeFiles/stm32.elf.dir/Drivers/STM32F1xx_HAL_Driver/Src/stm32f1xx_hal_cortex.c.obj
 .ARM.attributes
                0x00000000000001a6       0x2d CMakeFiles/stm32.elf.dir/Drivers/STM32F1xx_HAL_Driver/Src/stm32f1xx_hal_gpio.c.obj
 .ARM.attributes
                0x00000000000001d3       0x2d CMakeFiles/stm32.elf.dir/Drivers/STM32F1xx_HAL_Driver/Src/stm32f1xx_hal_i2c.c.obj
 .ARM.attributes
                0x0000000000000200       0x2d CMakeFiles/stm32.elf.dir/Drivers/STM32F1xx_HAL_Driver/Src/stm32f1xx_hal_rcc.c.obj
 .ARM.attributes
                0x000000000000022d       0x2d /usr/lib/gcc/arm-none-eabi/10.3.0/../../../../arm-none-eabi/lib/thumb/v7-m/nofp/libg.a(lib_a-atexit.o)
 .ARM.attributes
                0x000000000000025a       0x2d /usr/lib/gcc/arm-none-eabi/10.3.0/../../../../arm-none-eabi/lib/thumb/v7-m/nofp/libg.a(lib_a-fini.o)
 .ARM.attributes
                0x0000000000000287       0x2d /usr/lib/gcc/arm-none-eabi/10.3.0/../../../../arm-none-eabi/lib/thumb/v7-m/nofp/libg.a(lib_a-impure.o)
 .ARM.attributes
                0x00000000000002b4       0x2d /usr/lib/gcc/arm-none-eabi/10.3.0/../../../../arm-none-eabi/lib/thumb/v7-m/nofp/libg.a(lib_a-init.o)
 .ARM.attributes
                0x00000000000002e1       0x2d /usr/lib/gcc/arm-none-eabi/10.3.0/../../../../arm-none-eabi/lib/thumb/v7-m/nofp/libg.a(lib_a-memset.o)
 .ARM.attributes
                0x000000000000030e       0x2d /usr/lib/gcc/arm-none-eabi/10.3.0/../../../../arm-none-eabi/lib/thumb/v7-m/nofp/libg.a(lib_a-__atexit.o)
 .ARM.attributes
                0x000000000000033b       0x2d /usr/lib/gcc/arm-none-eabi/10.3.0/../../../../arm-none-eabi/lib/thumb/v7-m/nofp/libg.a(lib_a-__call_atexit.o)
 .ARM.attributes
                0x0000000000000368       0x2d /usr/lib/gcc/arm-none-eabi/10.3.0/../../../../arm-none-eabi/lib/thumb/v7-m/nofp/libg.a(lib_a-lock.o)
 .ARM.attributes
                0x0000000000000395       0x1d /usr/lib/gcc/arm-none-eabi/10.3.0/thumb/v7-m/nofp/crtn.o
OUTPUT(stm32.elf elf32-littlearm)
LOAD linker stubs
LOAD /usr/lib/gcc/arm-none-eabi/10.3.0/../../../../arm-none-eabi/lib/thumb/v7-m/nofp/libc.a
LOAD /usr/lib/gcc/arm-none-eabi/10.3.0/../../../../arm-none-eabi/lib/thumb/v7-m/nofp/libm.a
LOAD /usr/lib/gcc/arm-none-eabi/10.3.0/thumb/v7-m/nofp/libgcc.a

.debug_info     0x0000000000000000     0x7a06
 .debug_info    0x0000000000000000      0xa98 CMakeFiles/stm32.elf.dir/Core/Src/config.c.obj
 .debug_info    0x0000000000000a98      0x287 CMakeFiles/stm32.elf.dir/Core/Src/main.c.obj
 .debug_info    0x0000000000000d1f      0x8f0 CMakeFiles/stm32.elf.dir/Core/Src/stm32f1xx_hal_msp.c.obj
 .debug_info    0x000000000000160f      0x14b CMakeFiles/stm32.elf.dir/Core/Src/stm32f1xx_it.c.obj
 .debug_info    0x000000000000175a      0x248 CMakeFiles/stm32.elf.dir/Core/Src/system_stm32f1xx.c.obj
 .debug_info    0x00000000000019a2       0x22 CMakeFiles/stm32.elf.dir/Core/Startup/startup_stm32f103c8tx.s.obj
 .debug_info    0x00000000000019c4      0x7a8 CMakeFiles/stm32.elf.dir/Drivers/STM32F1xx_HAL_Driver/Src/stm32f1xx_hal.c.obj
 .debug_info    0x000000000000216c      0xd8a CMakeFiles/stm32.elf.dir/Drivers/STM32F1xx_HAL_Driver/Src/stm32f1xx_hal_cortex.c.obj
 .debug_info    0x0000000000002ef6      0x66f CMakeFiles/stm32.elf.dir/Drivers/STM32F1xx_HAL_Driver/Src/stm32f1xx_hal_gpio.c.obj
 .debug_info    0x0000000000003565     0x3a6b CMakeFiles/stm32.elf.dir/Drivers/STM32F1xx_HAL_Driver/Src/stm32f1xx_hal_i2c.c.obj
 .debug_info    0x0000000000006fd0      0xa36 CMakeFiles/stm32.elf.dir/Drivers/STM32F1xx_HAL_Driver/Src/stm32f1xx_hal_rcc.c.obj

.debug_abbrev   0x0000000000000000     0x12c9
 .debug_abbrev  0x0000000000000000      0x1ca CMakeFiles/stm32.elf.dir/Core/Src/config.c.obj
 .debug_abbrev  0x00000000000001ca      0x159 CMakeFiles/stm32.elf.dir/Core/Src/main.c.obj
 .debug_abbrev  0x0000000000000323      0x1b0 CMakeFiles/stm32.elf.dir/Core/Src/stm32f1xx_hal_msp.c.obj
 .debug_abbrev  0x00000000000004d3       0x7e CMakeFiles/stm32.elf.dir/Core/Src/stm32f1xx_it.c.obj
 .debug_abbrev  0x0000000000000551      0x13e CMakeFiles/stm32.elf.dir/Core/Src/system_stm32f1xx.c.obj
 .debug_abbrev  0x000000000000068f       0x12 CMakeFiles/stm32.elf.dir/Core/Startup/startup_stm32f103c8tx.s.obj
 .debug_abbrev  0x00000000000006a1      0x1f4 CMakeFiles/stm32.elf.dir/Drivers/STM32F1xx_HAL_Driver/Src/stm32f1xx_hal.c.obj
 .debug_abbrev  0x0000000000000895      0x341 CMakeFiles/stm32.elf.dir/Drivers/STM32F1xx_HAL_Driver/Src/stm32f1xx_hal_cortex.c.obj
 .debug_abbrev  0x0000000000000bd6      0x1e6 CMakeFiles/stm32.elf.dir/Drivers/STM32F1xx_HAL_Driver/Src/stm32f1xx_hal_gpio.c.obj
 .debug_abbrev  0x0000000000000dbc      0x293 CMakeFiles/stm32.elf.dir/Drivers/STM32F1xx_HAL_Driver/Src/stm32f1xx_hal_i2c.c.obj
 .debug_abbrev  0x000000000000104f      0x27a CMakeFiles/stm32.elf.dir/Drivers/STM32F1xx_HAL_Driver/Src/stm32f1xx_hal_rcc.c.obj

.debug_aranges  0x0000000000000000      0x640
 .debug_aranges
                0x0000000000000000       0x40 CMakeFiles/stm32.elf.dir/Core/Src/config.c.obj
 .debug_aranges
                0x0000000000000040       0x28 CMakeFiles/stm32.elf.dir/Core/Src/main.c.obj
 .debug_aranges
                0x0000000000000068       0x30 CMakeFiles/stm32.elf.dir/Core/Src/stm32f1xx_hal_msp.c.obj
 .debug_aranges
                0x0000000000000098       0x60 CMakeFiles/stm32.elf.dir/Core/Src/stm32f1xx_it.c.obj
 .debug_aranges
                0x00000000000000f8       0x28 CMakeFiles/stm32.elf.dir/Core/Src/system_stm32f1xx.c.obj
 .debug_aranges
                0x0000000000000120       0x28 CMakeFiles/stm32.elf.dir/Core/Startup/startup_stm32f103c8tx.s.obj
 .debug_aranges
                0x0000000000000148       0xe0 CMakeFiles/stm32.elf.dir/Drivers/STM32F1xx_HAL_Driver/Src/stm32f1xx_hal.c.obj
 .debug_aranges
                0x0000000000000228       0x90 CMakeFiles/stm32.elf.dir/Drivers/STM32F1xx_HAL_Driver/Src/stm32f1xx_hal_cortex.c.obj
 .debug_aranges
                0x00000000000002b8       0x58 CMakeFiles/stm32.elf.dir/Drivers/STM32F1xx_HAL_Driver/Src/stm32f1xx_hal_gpio.c.obj
 .debug_aranges
                0x0000000000000310      0x2a0 CMakeFiles/stm32.elf.dir/Drivers/STM32F1xx_HAL_Driver/Src/stm32f1xx_hal_i2c.c.obj
 .debug_aranges
                0x00000000000005b0       0x90 CMakeFiles/stm32.elf.dir/Drivers/STM32F1xx_HAL_Driver/Src/stm32f1xx_hal_rcc.c.obj

.debug_ranges   0x0000000000000000      0x630
 .debug_ranges  0x0000000000000000       0x30 CMakeFiles/stm32.elf.dir/Core/Src/config.c.obj
 .debug_ranges  0x0000000000000030       0x18 CMakeFiles/stm32.elf.dir/Core/Src/main.c.obj
 .debug_ranges  0x0000000000000048       0x20 CMakeFiles/stm32.elf.dir/Core/Src/stm32f1xx_hal_msp.c.obj
 .debug_ranges  0x0000000000000068       0x50 CMakeFiles/stm32.elf.dir/Core/Src/stm32f1xx_it.c.obj
 .debug_ranges  0x00000000000000b8       0x18 CMakeFiles/stm32.elf.dir/Core/Src/system_stm32f1xx.c.obj
 .debug_ranges  0x00000000000000d0       0x20 CMakeFiles/stm32.elf.dir/Core/Startup/startup_stm32f103c8tx.s.obj
 .debug_ranges  0x00000000000000f0       0xd0 CMakeFiles/stm32.elf.dir/Drivers/STM32F1xx_HAL_Driver/Src/stm32f1xx_hal.c.obj
 .debug_ranges  0x00000000000001c0       0xe0 CMakeFiles/stm32.elf.dir/Drivers/STM32F1xx_HAL_Driver/Src/stm32f1xx_hal_cortex.c.obj
 .debug_ranges  0x00000000000002a0       0x48 CMakeFiles/stm32.elf.dir/Drivers/STM32F1xx_HAL_Driver/Src/stm32f1xx_hal_gpio.c.obj
 .debug_ranges  0x00000000000002e8      0x2a8 CMakeFiles/stm32.elf.dir/Drivers/STM32F1xx_HAL_Driver/Src/stm32f1xx_hal_i2c.c.obj
 .debug_ranges  0x0000000000000590       0xa0 CMakeFiles/stm32.elf.dir/Drivers/STM32F1xx_HAL_Driver/Src/stm32f1xx_hal_rcc.c.obj

.debug_line     0x0000000000000000     0x8146
 .debug_line    0x0000000000000000      0x438 CMakeFiles/stm32.elf.dir/Core/Src/config.c.obj
 .debug_line    0x0000000000000438      0x252 CMakeFiles/stm32.elf.dir/Core/Src/main.c.obj
 .debug_line    0x000000000000068a      0x299 CMakeFiles/stm32.elf.dir/Core/Src/stm32f1xx_hal_msp.c.obj
 .debug_line    0x0000000000000923      0x1ed CMakeFiles/stm32.elf.dir/Core/Src/stm32f1xx_it.c.obj
 .debug_line    0x0000000000000b10      0x22c CMakeFiles/stm32.elf.dir/Core/Src/system_stm32f1xx.c.obj
 .debug_line    0x0000000000000d3c       0xb3 CMakeFiles/stm32.elf.dir/Core/Startup/startup_stm32f103c8tx.s.obj
 .debug_line    0x0000000000000def      0x572 CMakeFiles/stm32.elf.dir/Drivers/STM32F1xx_HAL_Driver/Src/stm32f1xx_hal.c.obj
 .debug_line    0x0000000000001361      0x64e CMakeFiles/stm32.elf.dir/Drivers/STM32F1xx_HAL_Driver/Src/stm32f1xx_hal_cortex.c.obj
 .debug_line    0x00000000000019af      0x5f8 CMakeFiles/stm32.elf.dir/Drivers/STM32F1xx_HAL_Driver/Src/stm32f1xx_hal_gpio.c.obj
 .debug_line    0x0000000000001fa7     0x555e CMakeFiles/stm32.elf.dir/Drivers/STM32F1xx_HAL_Driver/Src/stm32f1xx_hal_i2c.c.obj
 .debug_line    0x0000000000007505      0xc41 CMakeFiles/stm32.elf.dir/Drivers/STM32F1xx_HAL_Driver/Src/stm32f1xx_hal_rcc.c.obj

.debug_str      0x0000000000000000     0x21f1
 .debug_str     0x0000000000000000      0x840 CMakeFiles/stm32.elf.dir/Core/Src/config.c.obj
                                        0x8dc (size before relaxing)
 .debug_str     0x0000000000000840       0x9c CMakeFiles/stm32.elf.dir/Core/Src/main.c.obj
                                        0x29c (size before relaxing)
 .debug_str     0x00000000000008dc       0xcd CMakeFiles/stm32.elf.dir/Core/Src/stm32f1xx_hal_msp.c.obj
                                        0x766 (size before relaxing)
 .debug_str     0x00000000000009a9       0xfa CMakeFiles/stm32.elf.dir/Core/Src/stm32f1xx_it.c.obj
                                        0x27c (size before relaxing)
 .debug_str     0x0000000000000aa3       0xaa CMakeFiles/stm32.elf.dir/Core/Src/system_stm32f1xx.c.obj
                                        0x297 (size before relaxing)
 .debug_str     0x0000000000000b4d       0x62 CMakeFiles/stm32.elf.dir/Core/Startup/startup_stm32f103c8tx.s.obj
                                         0xa3 (size before relaxing)
 .debug_str     0x0000000000000baf      0x624 CMakeFiles/stm32.elf.dir/Drivers/STM32F1xx_HAL_Driver/Src/stm32f1xx_hal.c.obj
                                        0x867 (size before relaxing)
 .debug_str     0x00000000000011d3      0x3f1 CMakeFiles/stm32.elf.dir/Drivers/STM32F1xx_HAL_Driver/Src/stm32f1xx_hal_cortex.c.obj
                                        0x916 (size before relaxing)
 .debug_str     0x00000000000015c4      0x135 CMakeFiles/stm32.elf.dir/Drivers/STM32F1xx_HAL_Driver/Src/stm32f1xx_hal_gpio.c.obj
                                        0x443 (size before relaxing)
 .debug_str     0x00000000000016f9      0x921 CMakeFiles/stm32.elf.dir/Drivers/STM32F1xx_HAL_Driver/Src/stm32f1xx_hal_i2c.c.obj
                                        0xffb (size before relaxing)
 .debug_str     0x000000000000201a      0x1d7 CMakeFiles/stm32.elf.dir/Drivers/STM32F1xx_HAL_Driver/Src/stm32f1xx_hal_rcc.c.obj
                                        0x66e (size before relaxing)

.comment        0x0000000000000000       0x1e
 .comment       0x0000000000000000       0x1e CMakeFiles/stm32.elf.dir/Core/Src/config.c.obj
                                         0x1f (size before relaxing)
 .comment       0x000000000000001e       0x1f CMakeFiles/stm32.elf.dir/Core/Src/main.c.obj
 .comment       0x000000000000001e       0x1f CMakeFiles/stm32.elf.dir/Core/Src/stm32f1xx_hal_msp.c.obj
 .comment       0x000000000000001e       0x1f CMakeFiles/stm32.elf.dir/Core/Src/stm32f1xx_it.c.obj
 .comment       0x000000000000001e       0x1f CMakeFiles/stm32.elf.dir/Core/Src/system_stm32f1xx.c.obj
 .comment       0x000000000000001e       0x1f CMakeFiles/stm32.elf.dir/Drivers/STM32F1xx_HAL_Driver/Src/stm32f1xx_hal.c.obj
 .comment       0x000000000000001e       0x1f CMakeFiles/stm32.elf.dir/Drivers/STM32F1xx_HAL_Driver/Src/stm32f1xx_hal_cortex.c.obj
 .comment       0x000000000000001e       0x1f CMakeFiles/stm32.elf.dir/Drivers/STM32F1xx_HAL_Driver/Src/stm32f1xx_hal_gpio.c.obj
 .comment       0x000000000000001e       0x1f CMakeFiles/stm32.elf.dir/Drivers/STM32F1xx_HAL_Driver/Src/stm32f1xx_hal_i2c.c.obj
 .comment       0x000000000000001e       0x1f CMakeFiles/stm32.elf.dir/Drivers/STM32F1xx_HAL_Driver/Src/stm32f1xx_hal_rcc.c.obj

.debug_frame    0x0000000000000000     0x12cc
 .debug_frame   0x0000000000000000       0x98 CMakeFiles/stm32.elf.dir/Core/Src/config.c.obj
 .debug_frame   0x0000000000000098       0x40 CMakeFiles/stm32.elf.dir/Core/Src/main.c.obj
 .debug_frame   0x00000000000000d8       0x60 CMakeFiles/stm32.elf.dir/Core/Src/stm32f1xx_hal_msp.c.obj
 .debug_frame   0x0000000000000138       0xb0 CMakeFiles/stm32.elf.dir/Core/Src/stm32f1xx_it.c.obj
 .debug_frame   0x00000000000001e8       0x30 CMakeFiles/stm32.elf.dir/Core/Src/system_stm32f1xx.c.obj
 .debug_frame   0x0000000000000218      0x1cc CMakeFiles/stm32.elf.dir/Drivers/STM32F1xx_HAL_Driver/Src/stm32f1xx_hal.c.obj
 .debug_frame   0x00000000000003e4      0x118 CMakeFiles/stm32.elf.dir/Drivers/STM32F1xx_HAL_Driver/Src/stm32f1xx_hal_cortex.c.obj
 .debug_frame   0x00000000000004fc       0xe4 CMakeFiles/stm32.elf.dir/Drivers/STM32F1xx_HAL_Driver/Src/stm32f1xx_hal_gpio.c.obj
 .debug_frame   0x00000000000005e0      0x970 CMakeFiles/stm32.elf.dir/Drivers/STM32F1xx_HAL_Driver/Src/stm32f1xx_hal_i2c.c.obj
 .debug_frame   0x0000000000000f50      0x190 CMakeFiles/stm32.elf.dir/Drivers/STM32F1xx_HAL_Driver/Src/stm32f1xx_hal_rcc.c.obj
 .debug_frame   0x00000000000010e0       0x20 /usr/lib/gcc/arm-none-eabi/10.3.0/../../../../arm-none-eabi/lib/thumb/v7-m/nofp/libg.a(lib_a-atexit.o)
 .debug_frame   0x0000000000001100       0x34 /usr/lib/gcc/arm-none-eabi/10.3.0/../../../../arm-none-eabi/lib/thumb/v7-m/nofp/libg.a(lib_a-fini.o)
 .debug_frame   0x0000000000001134       0x2c /usr/lib/gcc/arm-none-eabi/10.3.0/../../../../arm-none-eabi/lib/thumb/v7-m/nofp/libg.a(lib_a-init.o)
 .debug_frame   0x0000000000001160       0x2c /usr/lib/gcc/arm-none-eabi/10.3.0/../../../../arm-none-eabi/lib/thumb/v7-m/nofp/libg.a(lib_a-memset.o)
 .debug_frame   0x000000000000118c       0x34 /usr/lib/gcc/arm-none-eabi/10.3.0/../../../../arm-none-eabi/lib/thumb/v7-m/nofp/libg.a(lib_a-__atexit.o)
 .debug_frame   0x00000000000011c0       0x5c /usr/lib/gcc/arm-none-eabi/10.3.0/../../../../arm-none-eabi/lib/thumb/v7-m/nofp/libg.a(lib_a-__call_atexit.o)
 .debug_frame   0x000000000000121c       0xb0 /usr/lib/gcc/arm-none-eabi/10.3.0/../../../../arm-none-eabi/lib/thumb/v7-m/nofp/libg.a(lib_a-lock.o)

.debug_loc      0x0000000000000000     0x566b
 .debug_loc     0x0000000000000000       0x2c CMakeFiles/stm32.elf.dir/Core/Src/main.c.obj
 .debug_loc     0x000000000000002c       0x7c CMakeFiles/stm32.elf.dir/Core/Src/stm32f1xx_hal_msp.c.obj
 .debug_loc     0x00000000000000a8       0xff CMakeFiles/stm32.elf.dir/Core/Src/system_stm32f1xx.c.obj
 .debug_loc     0x00000000000001a7      0x141 CMakeFiles/stm32.elf.dir/Drivers/STM32F1xx_HAL_Driver/Src/stm32f1xx_hal.c.obj
 .debug_loc     0x00000000000002e8      0x71f CMakeFiles/stm32.elf.dir/Drivers/STM32F1xx_HAL_Driver/Src/stm32f1xx_hal_cortex.c.obj
 .debug_loc     0x0000000000000a07      0x47d CMakeFiles/stm32.elf.dir/Drivers/STM32F1xx_HAL_Driver/Src/stm32f1xx_hal_gpio.c.obj
 .debug_loc     0x0000000000000e84     0x41a9 CMakeFiles/stm32.elf.dir/Drivers/STM32F1xx_HAL_Driver/Src/stm32f1xx_hal_i2c.c.obj
 .debug_loc     0x000000000000502d      0x63e CMakeFiles/stm32.elf.dir/Drivers/STM32F1xx_HAL_Driver/Src/stm32f1xx_hal_rcc.c.obj
